Archive member included to satisfy reference by file (symbol)

c:/program files (x86)/atmel/studio/7.0/toolchain/arm/arm-gnu-toolchain/bin/../lib/gcc/arm-none-eabi/6.3.1/../../../../arm-none-eabi/lib/thumb/v7-m\libc.a(lib_a-exit.o)
                              c:/program files (x86)/atmel/studio/7.0/toolchain/arm/arm-gnu-toolchain/bin/../lib/gcc/arm-none-eabi/6.3.1/../../../../arm-none-eabi/lib/thumb/v7-m/crt0.o (exit)
c:/program files (x86)/atmel/studio/7.0/toolchain/arm/arm-gnu-toolchain/bin/../lib/gcc/arm-none-eabi/6.3.1/../../../../arm-none-eabi/lib/thumb/v7-m\libc.a(lib_a-impure.o)
                              c:/program files (x86)/atmel/studio/7.0/toolchain/arm/arm-gnu-toolchain/bin/../lib/gcc/arm-none-eabi/6.3.1/../../../../arm-none-eabi/lib/thumb/v7-m\libc.a(lib_a-exit.o) (_global_impure_ptr)
c:/program files (x86)/atmel/studio/7.0/toolchain/arm/arm-gnu-toolchain/bin/../lib/gcc/arm-none-eabi/6.3.1/../../../../arm-none-eabi/lib/thumb/v7-m\libc.a(lib_a-init.o)
                              c:/program files (x86)/atmel/studio/7.0/toolchain/arm/arm-gnu-toolchain/bin/../lib/gcc/arm-none-eabi/6.3.1/../../../../arm-none-eabi/lib/thumb/v7-m/crt0.o (__libc_init_array)
c:/program files (x86)/atmel/studio/7.0/toolchain/arm/arm-gnu-toolchain/bin/../lib/gcc/arm-none-eabi/6.3.1/../../../../arm-none-eabi/lib/thumb/v7-m\libc.a(lib_a-memset.o)
                              c:/program files (x86)/atmel/studio/7.0/toolchain/arm/arm-gnu-toolchain/bin/../lib/gcc/arm-none-eabi/6.3.1/../../../../arm-none-eabi/lib/thumb/v7-m/crt0.o (memset)
c:/program files (x86)/atmel/studio/7.0/toolchain/arm/arm-gnu-toolchain/bin/../lib/gcc/arm-none-eabi/6.3.1/../../../../arm-none-eabi/lib/thumb/v7-m\libc.a(lib_a-__call_atexit.o)
                              c:/program files (x86)/atmel/studio/7.0/toolchain/arm/arm-gnu-toolchain/bin/../lib/gcc/arm-none-eabi/6.3.1/../../../../arm-none-eabi/lib/thumb/v7-m\libc.a(lib_a-exit.o) (__call_exitprocs)
c:/program files (x86)/atmel/studio/7.0/toolchain/arm/arm-gnu-toolchain/bin/../lib/gcc/arm-none-eabi/6.3.1/../../../../arm-none-eabi/lib/thumb/v7-m\libc.a(lib_a-atexit.o)
                              c:/program files (x86)/atmel/studio/7.0/toolchain/arm/arm-gnu-toolchain/bin/../lib/gcc/arm-none-eabi/6.3.1/../../../../arm-none-eabi/lib/thumb/v7-m\libc.a(lib_a-__call_atexit.o) (atexit)
c:/program files (x86)/atmel/studio/7.0/toolchain/arm/arm-gnu-toolchain/bin/../lib/gcc/arm-none-eabi/6.3.1/../../../../arm-none-eabi/lib/thumb/v7-m\libc.a(lib_a-fini.o)
                              c:/program files (x86)/atmel/studio/7.0/toolchain/arm/arm-gnu-toolchain/bin/../lib/gcc/arm-none-eabi/6.3.1/../../../../arm-none-eabi/lib/thumb/v7-m\libc.a(lib_a-__call_atexit.o) (__libc_fini_array)
c:/program files (x86)/atmel/studio/7.0/toolchain/arm/arm-gnu-toolchain/bin/../lib/gcc/arm-none-eabi/6.3.1/../../../../arm-none-eabi/lib/thumb/v7-m\libc.a(lib_a-lock.o)
                              c:/program files (x86)/atmel/studio/7.0/toolchain/arm/arm-gnu-toolchain/bin/../lib/gcc/arm-none-eabi/6.3.1/../../../../arm-none-eabi/lib/thumb/v7-m\libc.a(lib_a-__call_atexit.o) (__retarget_lock_acquire_recursive)
c:/program files (x86)/atmel/studio/7.0/toolchain/arm/arm-gnu-toolchain/bin/../lib/gcc/arm-none-eabi/6.3.1/../../../../arm-none-eabi/lib/thumb/v7-m\libc.a(lib_a-__atexit.o)
                              c:/program files (x86)/atmel/studio/7.0/toolchain/arm/arm-gnu-toolchain/bin/../lib/gcc/arm-none-eabi/6.3.1/../../../../arm-none-eabi/lib/thumb/v7-m\libc.a(lib_a-atexit.o) (__register_exitproc)

Allocating common symbols
Common symbol       size              file

__lock___atexit_recursive_mutex
                    0x1               c:/program files (x86)/atmel/studio/7.0/toolchain/arm/arm-gnu-toolchain/bin/../lib/gcc/arm-none-eabi/6.3.1/../../../../arm-none-eabi/lib/thumb/v7-m\libc.a(lib_a-lock.o)
__lock___arc4random_mutex
                    0x1               c:/program files (x86)/atmel/studio/7.0/toolchain/arm/arm-gnu-toolchain/bin/../lib/gcc/arm-none-eabi/6.3.1/../../../../arm-none-eabi/lib/thumb/v7-m\libc.a(lib_a-lock.o)
__lock___env_recursive_mutex
                    0x1               c:/program files (x86)/atmel/studio/7.0/toolchain/arm/arm-gnu-toolchain/bin/../lib/gcc/arm-none-eabi/6.3.1/../../../../arm-none-eabi/lib/thumb/v7-m\libc.a(lib_a-lock.o)
__lock___sinit_recursive_mutex
                    0x1               c:/program files (x86)/atmel/studio/7.0/toolchain/arm/arm-gnu-toolchain/bin/../lib/gcc/arm-none-eabi/6.3.1/../../../../arm-none-eabi/lib/thumb/v7-m\libc.a(lib_a-lock.o)
__lock___malloc_recursive_mutex
                    0x1               c:/program files (x86)/atmel/studio/7.0/toolchain/arm/arm-gnu-toolchain/bin/../lib/gcc/arm-none-eabi/6.3.1/../../../../arm-none-eabi/lib/thumb/v7-m\libc.a(lib_a-lock.o)
__lock___at_quick_exit_mutex
[...]
Memory Configuration

Name             Origin             Length             Attributes
rom              0x00080000         0x00080000         xr
sram0            0x20000000         0x00010000         xrw
sram1            0x20080000         0x00008000         xrw
ram              0x20070000         0x00018000         xrw
*default*        0x00000000         0xffffffff

Linker script and memory map

LOAD c:/program files (x86)/atmel/studio/7.0/toolchain/arm/arm-gnu-toolchain/bin/../lib/gcc/arm-none-eabi/6.3.1/thumb/v7-m/crti.o
LOAD c:/program files (x86)/atmel/studio/7.0/toolchain/arm/arm-gnu-toolchain/bin/../lib/gcc/arm-none-eabi/6.3.1/thumb/v7-m/crtbegin.o
LOAD c:/program files (x86)/atmel/studio/7.0/toolchain/arm/arm-gnu-toolchain/bin/../lib/gcc/arm-none-eabi/6.3.1/../../../../arm-none-eabi/lib/thumb/v7-m/crt0.o
LOAD src/ASF/common/services/delay/sam/cycle_counter.o
LOAD src/ASF/sam/drivers/uart/uart.o
LOAD src/ASF/common/services/clock/sam3x/sysclk.o
LOAD src/ASF/common/utils/interrupt/interrupt_sam_nvic.o
LOAD src/ASF/sam/boards/arduino_due_x/init.o
LOAD src/ASF/sam/drivers/pio/pio.o
LOAD src/ASF/sam/drivers/pio/pio_handler.o
LOAD src/ASF/sam/drivers/pmc/pmc.o
LOAD src/ASF/sam/drivers/pmc/sleep.o
LOAD src/ASF/sam/utils/cmsis/sam3x/source/templates/exceptions.o
LOAD src/ASF/sam/utils/cmsis/sam3x/source/templates/gcc/startup_sam3x.o
LOAD src/ASF/sam/utils/cmsis/sam3x/source/templates/system_sam3x.o
LOAD src/ASF/sam/utils/syscalls/gcc/syscalls.o
LOAD src/main.o
START GROUP
LOAD ../src/ASF/thirdparty/CMSIS/Lib/GCC\libarm_cortexM3l_math.a
LOAD c:/program files (x86)/atmel/studio/7.0/toolchain/arm/arm-gnu-toolchain/bin/../lib/gcc/arm-none-eabi/6.3.1/../../../../arm-none-eabi/lib/thumb/v7-m\libm.a
END GROUP
START GROUP
LOAD c:/program files (x86)/atmel/studio/7.0/toolchain/arm/arm-gnu-toolchain/bin/../lib/gcc/arm-none-eabi/6.3.1/thumb/v7-m\libgcc.a
LOAD c:/program files (x86)/atmel/studio/7.0/toolchain/arm/arm-gnu-toolchain/bin/../lib/gcc/arm-none-eabi/6.3.1/../../../../arm-none-eabi/lib/thumb/v7-m\libc.a
END GROUP
LOAD c:/program files (x86)/atmel/studio/7.0/toolchain/arm/arm-gnu-toolchain/bin/../lib/gcc/arm-none-eabi/6.3.1/thumb/v7-m/crtend.o
LOAD c:/program files (x86)/atmel/studio/7.0/toolchain/arm/arm-gnu-toolchain/bin/../lib/gcc/arm-none-eabi/6.3.1/thumb/v7-m/crtn.o
                0x00002000                __stack_size__ = DEFINED (__stack_size__)?__stack_size__:0x2000
                0x20087ffc                __ram_end__ = ((ORIGIN (ram) + LENGTH (ram)) - 0x4)

.text           0x00080000      0xa20
                0x00080000                . = ALIGN (0x4)
                0x00080000                _sfixed = .
 *(.vectors .vectors.*)
 .vectors       0x00080000       0xf4 src/ASF/sam/utils/cmsis/sam3x/source/templates/gcc/startup_sam3x.o
                0x00080000                exception_table
 *(.text .text.* .gnu.linkonce.t.*)
 .text          0x000800f4       0x6c c:/program files (x86)/atmel/studio/7.0/toolchain/arm/arm-gnu-toolchain/bin/../lib/gcc/arm-none-eabi/6.3.1/thumb/v7-m/crtbegin.o
 .text.sysclk_init
                0x00080160       0x64 src/ASF/common/services/clock/sam3x/sysclk.o
                0x00080160                sysclk_init
 .text.board_init
                0x000801c4       0x80 src/ASF/sam/boards/arduino_due_x/init.o
                0x000801c4                board_init
 .text.pio_set_peripheral
                0x00080244       0x3e src/ASF/sam/drivers/pio/pio.o
                0x00080244                pio_set_peripheral
 .text.pio_set_input
                0x00080282       0x32 src/ASF/sam/drivers/pio/pio.o
                0x00080282                pio_set_input
 .text.pio_set_output
                0x000802b4       0x26 src/ASF/sam/drivers/pio/pio.o
                0x000802b4                pio_set_output
 .text.pio_get_interrupt_status
                0x000802da        0x4 src/ASF/sam/drivers/pio/pio.o
                0x000802da                pio_get_interrupt_status
 .text.pio_get_interrupt_mask
                0x000802de        0x4 src/ASF/sam/drivers/pio/pio.o
                0x000802de                pio_get_interrupt_mask
 *fill*         0x000802e2        0x2 
 .text.pio_configure_pin
                0x000802e4       0xd0 src/ASF/sam/drivers/pio/pio.o
                0x000802e4                pio_configure_pin
 .text.pio_configure_pin_group
                0x000803b4       0x9c src/ASF/sam/drivers/pio/pio.o
                0x000803b4                pio_configure_pin_group
 .text.pio_handler_process
                0x00080450       0x50 src/ASF/sam/drivers/pio/pio_handler.o
                0x00080450                pio_handler_process
 .text.PIOA_Handler
                0x000804a0       0x14 src/ASF/sam/drivers/pio/pio_handler.o
                0x000804a0                PIOA_Handler
 .text.PIOB_Handler
                0x000804b4       0x14 src/ASF/sam/drivers/pio/pio_handler.o
                0x000804b4                PIOB_Handler
 .text.PIOC_Handler
                0x000804c8       0x14 src/ASF/sam/drivers/pio/pio_handler.o
                0x000804c8                PIOC_Handler
 .text.PIOD_Handler
                0x000804dc       0x14 src/ASF/sam/drivers/pio/pio_handler.o
                0x000804dc                PIOD_Handler
 .text.pmc_switch_mck_to_pllack
                0x000804f0       0x64 src/ASF/sam/drivers/pmc/pmc.o
                0x000804f0                pmc_switch_mck_to_pllack
 .text.pmc_switch_mainck_to_xtal
                0x00080554       0x54 src/ASF/sam/drivers/pmc/pmc.o
                0x00080554                pmc_switch_mainck_to_xtal
 .text.pmc_osc_is_ready_mainck
                0x000805a8       0x10 src/ASF/sam/drivers/pmc/pmc.o
                0x000805a8                pmc_osc_is_ready_mainck
 .text.pmc_disable_pllack
                0x000805b8       0x10 src/ASF/sam/drivers/pmc/pmc.o
                0x000805b8                pmc_disable_pllack
 .text.pmc_is_locked_pllack
                0x000805c8       0x10 src/ASF/sam/drivers/pmc/pmc.o
                0x000805c8                pmc_is_locked_pllack
 .text.pmc_enable_periph_clk
                0x000805d8       0x20 src/ASF/sam/drivers/pmc/pmc.o
                0x000805d8                pmc_enable_periph_clk
 .text.Dummy_Handler
                0x000805f8        0x2 src/ASF/sam/utils/cmsis/sam3x/source/templates/exceptions.o
                0x000805f8                DACC_Handler
                0x000805f8                DebugMon_Handler
                0x000805f8                DMAC_Handler
                0x000805f8                TRNG_Handler
                0x000805f8                HardFault_Handler
                0x000805f8                TC2_Handler
                0x000805f8                SysTick_Handler
                0x000805f8                USART3_Handler
                0x000805f8                TWI1_Handler
                0x000805f8                PendSV_Handler
                0x000805f8                NMI_Handler
                0x000805f8                TC7_Handler
                0x000805f8                ADC_Handler
                0x000805f8                SMC_Handler
                0x000805f8                USART0_Handler
                0x000805f8                RTT_Handler
                0x000805f8                EFC1_Handler
                0x000805f8                RTC_Handler
                0x000805f8                UsageFault_Handler
                0x000805f8                TC6_Handler
                0x000805f8                WDT_Handler
                0x000805f8                CAN0_Handler
                0x000805f8                TC4_Handler
                0x000805f8                TC1_Handler
                0x000805f8                HSMCI_Handler
                0x000805f8                TC3_Handler
                0x000805f8                Dummy_Handler
                0x000805f8                TWI0_Handler
                0x000805f8                USART1_Handler
                0x000805f8                SSC_Handler
                0x000805f8                EFC0_Handler
                0x000805f8                PMC_Handler
                0x000805f8                PWM_Handler
                0x000805f8                CAN1_Handler
                0x000805f8                MemManage_Handler
                0x000805f8                SUPC_Handler
                0x000805f8                SVC_Handler
                0x000805f8                TC8_Handler
                0x000805f8                USART2_Handler
                0x000805f8                EMAC_Handler
                0x000805f8                UART_Handler
                0x000805f8                BusFault_Handler
                0x000805f8                RSTC_Handler
                0x000805f8                TC0_Handler
                0x000805f8                TC5_Handler
                0x000805f8                UOTGHS_Handler
                0x000805f8                SPI0_Handler
 *fill*         0x000805fa        0x2 
 .text.Reset_Handler
                0x000805fc       0x98 src/ASF/sam/utils/cmsis/sam3x/source/templates/gcc/startup_sam3x.o
                0x000805fc                Reset_Handler
 .text.SystemCoreClockUpdate
                0x00080694      0x118 src/ASF/sam/utils/cmsis/sam3x/source/templates/system_sam3x.o
                0x00080694                SystemCoreClockUpdate
 .text.main     0x000807ac       0xdc src/main.o
                0x000807ac                main
 .text.__libc_init_array
                0x00080888       0x50 c:/program files (x86)/atmel/studio/7.0/toolchain/arm/arm-gnu-toolchain/bin/../lib/gcc/arm-none-eabi/6.3.1/../../../../arm-none-eabi/lib/thumb/v7-m\libc.a(lib_a-init.o)
                0x00080888                __libc_init_array
 .text.startup.register_fini
                0x000808d8       0x14 c:/program files (x86)/atmel/studio/7.0/toolchain/arm/arm-gnu-toolchain/bin/../lib/gcc/arm-none-eabi/6.3.1/../../../../arm-none-eabi/lib/thumb/v7-m\libc.a(lib_a-__call_atexit.o)
 .text.atexit   0x000808ec        0xc c:/program files (x86)/atmel/studio/7.0/toolchain/arm/arm-gnu-toolchain/bin/../lib/gcc/arm-none-eabi/6.3.1/../../../../arm-none-eabi/lib/thumb/v7-m\libc.a(lib_a-atexit.o)
                0x000808ec                atexit
 .text.__libc_fini_array
                0x000808f8       0x34 c:/program files (x86)/atmel/studio/7.0/toolchain/arm/arm-gnu-toolchain/bin/../lib/gcc/arm-none-eabi/6.3.1/../../../../arm-none-eabi/lib/thumb/v7-m\libc.a(lib_a-fini.o)
                0x000808f8                __libc_fini_array
 .text.__retarget_lock_acquire_recursive
                0x0008092c        0x4 c:/program files (x86)/atmel/studio/7.0/toolchain/arm/arm-gnu-toolchain/bin/../lib/gcc/arm-none-eabi/6.3.1/../../../../arm-none-eabi/lib/thumb/v7-m\libc.a(lib_a-lock.o)
                0x0008092c                __retarget_lock_acquire_recursive
 .text.__retarget_lock_release_recursive
                0x00080930        0x4 c:/program files (x86)/atmel/studio/7.0/toolchain/arm/arm-gnu-toolchain/bin/../lib/gcc/arm-none-eabi/6.3.1/../../../../arm-none-eabi/lib/thumb/v7-m\libc.a(lib_a-lock.o)
                0x00080930                __retarget_lock_release_recursive
 .text.__register_exitproc
                0x00080934       0xc4 c:/program files (x86)/atmel/studio/7.0/toolchain/arm/arm-gnu-toolchain/bin/../lib/gcc/arm-none-eabi/6.3.1/../../../../arm-none-eabi/lib/thumb/v7-m\libc.a(lib_a-__atexit.o)
                0x00080934                __register_exitproc
 *(.glue_7t)
 .glue_7t       0x000809f8        0x0 linker stubs
 *(.glue_7)
 .glue_7        0x000809f8        0x0 linker stubs
 *(.rodata .rodata* .gnu.linkonce.r.*)
 .rodata._global_impure_ptr
                0x000809f8        0x4 c:/program files (x86)/atmel/studio/7.0/toolchain/arm/arm-gnu-toolchain/bin/../lib/gcc/arm-none-eabi/6.3.1/../../../../arm-none-eabi/lib/thumb/v7-m\libc.a(lib_a-impure.o)
                0x000809f8                _global_impure_ptr
 *(.ARM.extab* .gnu.linkonce.armextab.*)
                0x000809fc                . = ALIGN (0x4)
 *(.init)
 .init          0x000809fc        0x4 c:/program files (x86)/atmel/studio/7.0/toolchain/arm/arm-gnu-toolchain/bin/../lib/gcc/arm-none-eabi/6.3.1/thumb/v7-m/crti.o
                0x000809fc                _init
 .init          0x00080a00        0x8 c:/program files (x86)/atmel/studio/7.0/toolchain/arm/arm-gnu-toolchain/bin/../lib/gcc/arm-none-eabi/6.3.1/thumb/v7-m/crtn.o
                0x00080a08                . = ALIGN (0x4)
                0x00080a08                __preinit_array_start = .
 *(.preinit_array)
                0x00080a08                __preinit_array_end = .
                0x00080a08                . = ALIGN (0x4)
                0x00080a08                __init_array_start = .
 *(SORT(.init_array.*))
 .init_array.00000
                0x00080a08        0x4 c:/program files (x86)/atmel/studio/7.0/toolchain/arm/arm-gnu-toolchain/bin/../lib/gcc/arm-none-eabi/6.3.1/../../../../arm-none-eabi/lib/thumb/v7-m\libc.a(lib_a-__call_atexit.o)
 *(.init_array)
 .init_array    0x00080a0c        0x4 c:/program files (x86)/atmel/studio/7.0/toolchain/arm/arm-gnu-toolchain/bin/../lib/gcc/arm-none-eabi/6.3.1/thumb/v7-m/crtbegin.o
                0x00080a10                __init_array_end = .
                0x00080a10                . = ALIGN (0x4)
 *crtbegin.o(.ctors)
 *(EXCLUDE_FILE(*crtend.o) .ctors)
 *(SORT(.ctors.*))
 *crtend.o(.ctors)
                0x00080a10                . = ALIGN (0x4)
 *(.fini)
 .fini          0x00080a10        0x4 c:/program files (x86)/atmel/studio/7.0/toolchain/arm/arm-gnu-toolchain/bin/../lib/gcc/arm-none-eabi/6.3.1/thumb/v7-m/crti.o
                0x00080a10                _fini
 .fini          0x00080a14        0x8 c:/program files (x86)/atmel/studio/7.0/toolchain/arm/arm-gnu-toolchain/bin/../lib/gcc/arm-none-eabi/6.3.1/thumb/v7-m/crtn.o
                0x00080a1c                . = ALIGN (0x4)
                0x00080a1c                __fini_array_start = .
 *(.fini_array)
 .fini_array    0x00080a1c        0x4 c:/program files (x86)/atmel/studio/7.0/toolchain/arm/arm-gnu-toolchain/bin/../lib/gcc/arm-none-eabi/6.3.1/thumb/v7-m/crtbegin.o
 *(SORT(.fini_array.*))
                0x00080a20                __fini_array_end = .
 *crtbegin.o(.dtors)
 *(EXCLUDE_FILE(*crtend.o) .dtors)
 *(SORT(.dtors.*))
 *crtend.o(.dtors)
                0x00080a20                . = ALIGN (0x4)
                0x00080a20                _efixed = .
                [!provide]                PROVIDE (__exidx_start, .)

.vfp11_veneer   0x00080a20        0x0
 .vfp11_veneer  0x00080a20        0x0 linker stubs

.v4_bx          0x00080a20        0x0
 .v4_bx         0x00080a20        0x0 linker stubs

.iplt           0x00080a20        0x0
 .iplt          0x00080a20        0x0 c:/program files (x86)/atmel/studio/7.0/toolchain/arm/arm-gnu-toolchain/bin/../lib/gcc/arm-none-eabi/6.3.1/thumb/v7-m/crtbegin.o

.eh_frame       0x00080a20        0x0
 .eh_frame      0x00080a20        0x0 c:/program files (x86)/atmel/studio/7.0/toolchain/arm/arm-gnu-toolchain/bin/../lib/gcc/arm-none-eabi/6.3.1/thumb/v7-m/crtbegin.o

.rel.dyn        0x00080a20        0x0
 .rel.iplt      0x00080a20        0x0 c:/program files (x86)/atmel/studio/7.0/toolchain/arm/arm-gnu-toolchain/bin/../lib/gcc/arm-none-eabi/6.3.1/thumb/v7-m/crtbegin.o

.jcr            0x00080a20        0x0
 .jcr           0x00080a20        0x0 c:/program files (x86)/atmel/studio/7.0/toolchain/arm/arm-gnu-toolchain/bin/../lib/gcc/arm-none-eabi/6.3.1/thumb/v7-m/crtbegin.o

.igot.plt       0x00080a20        0x0
 .igot.plt      0x00080a20        0x0 c:/program files (x86)/atmel/studio/7.0/toolchain/arm/arm-gnu-toolchain/bin/../lib/gcc/arm-none-eabi/6.3.1/thumb/v7-m/crtbegin.o

.ARM.exidx
 *(.ARM.exidx* .gnu.linkonce.armexidx.*)
                [!provide]                PROVIDE (__exidx_end, .)
                0x00080a20                . = ALIGN (0x4)
                0x00080a20                _etext = .

.relocate       0x20070000      0x5a4 load address 0x00080a20
                0x20070000                . = ALIGN (0x4)
                0x20070000                _srelocate = .
 *(.ramfunc .ramfunc.*)
 .ramfunc       0x20070000        0xa src/ASF/common/services/delay/sam/cycle_counter.o
                0x20070000                portable_delay_cycles
 *fill*         0x2007000a        0x2 
 .ramfunc       0x2007000c      0x12c src/ASF/sam/utils/cmsis/sam3x/source/templates/system_sam3x.o
                0x2007000c                SystemInit
                0x200700b0                system_init_flash
 *(.data .data.*)
 .data.SystemCoreClock
                0x20070138        0x4 src/ASF/sam/utils/cmsis/sam3x/source/templates/system_sam3x.o
                0x20070138                SystemCoreClock
 .data.TWI_CR   0x2007013c        0x4 src/main.o
                0x2007013c                TWI_CR
 .data.TWI_CWGR
                0x20070140        0x4 src/main.o
                0x20070140                TWI_CWGR
 .data.TWI_MMR  0x20070144        0x4 src/main.o
                0x20070144                TWI_MMR
 .data.TWI_THR  0x20070148        0x4 src/main.o
                0x20070148                TWI_THR
 .data.UART_BRGR
                0x2007014c        0x4 src/main.o
                0x2007014c                UART_BRGR
 .data.UART_CR  0x20070150        0x4 src/main.o
                0x20070150                UART_CR
 .data.UART_MR  0x20070154        0x4 src/main.o
                0x20070154                UART_MR
 .data.UART_RHR
                0x20070158        0x4 src/main.o
                0x20070158                UART_RHR
 .data.UART_THR
                0x2007015c        0x4 src/main.o
                0x2007015c                UART_THR
 .data.pio_pabsr
                0x20070160        0x4 src/main.o
                0x20070160                pio_pabsr
 .data.pio_pdra
                0x20070164        0x4 src/main.o
                0x20070164                pio_pdra
 .data.pio_pudra
                0x20070168        0x4 src/main.o
                0x20070168                pio_pudra
 .data.pmc_pcer0
                0x2007016c        0x4 src/main.o
                0x2007016c                pmc_pcer0
 .data.x        0x20070170        0x4 src/main.o
                0x20070170                x
 *fill*         0x20070174        0x4 
 .data.impure_data
                0x20070178      0x428 c:/program files (x86)/atmel/studio/7.0/toolchain/arm/arm-gnu-toolchain/bin/../lib/gcc/arm-none-eabi/6.3.1/../../../../arm-none-eabi/lib/thumb/v7-m\libc.a(lib_a-impure.o)
 .data.__atexit_recursive_mutex
                0x200705a0        0x4 c:/program files (x86)/atmel/studio/7.0/toolchain/arm/arm-gnu-toolchain/bin/../lib/gcc/arm-none-eabi/6.3.1/../../../../arm-none-eabi/lib/thumb/v7-m\libc.a(lib_a-__call_atexit.o)
                0x200705a0                __atexit_recursive_mutex
                0x200705a4                . = ALIGN (0x4)
                0x200705a4                _erelocate = .

.bss            0x200705a4       0xb0 load address 0x00080fc4
                0x200705a4                . = ALIGN (0x4)
                0x200705a4                _sbss = .
                0x200705a4                _szero = .
 *(.bss .bss.*)
 .bss           0x200705a4       0x1c c:/program files (x86)/atmel/studio/7.0/toolchain/arm/arm-gnu-toolchain/bin/../lib/gcc/arm-none-eabi/6.3.1/thumb/v7-m/crtbegin.o
 .bss.gs_interrupt_sources
                0x200705c0       0x70 src/ASF/sam/drivers/pio/pio_handler.o
 *(COMMON)
 COMMON         0x20070630       0x21 c:/program files (x86)/atmel/studio/7.0/toolchain/arm/arm-gnu-toolchain/bin/../lib/gcc/arm-none-eabi/6.3.1/../../../../arm-none-eabi/lib/thumb/v7-m\libc.a(lib_a-lock.o)
                0x20070630                __lock___atexit_recursive_mutex
                0x20070634                __lock___arc4random_mutex
                0x20070638                __lock___env_recursive_mutex
                0x2007063c                __lock___sinit_recursive_mutex
                0x20070640                __lock___malloc_recursive_mutex
                0x20070644                __lock___at_quick_exit_mutex
                0x20070648                __lock___dd_hash_mutex
                0x2007064c                __lock___tz_mutex
                0x20070650                __lock___sfp_recursive_mutex
                0x20070654                . = ALIGN (0x4)
 *fill*         0x20070651        0x3 
                0x20070654                _ebss = .
                0x20070654                _ezero = .

.stack          0x20070654     0x2004 load address 0x00081074
                0x20070658                . = ALIGN (0x8)
 *fill*         0x20070654        0x4 
                0x20070658                _sstack = .
                0x20072658                . = (. + __stack_size__)
 *fill*         0x20070658     0x2000 
                0x20072658                . = ALIGN (0x8)
                0x20072658                _estack = .
                0x20072658                . = ALIGN (0x4)
                0x20072658                _end = .
OUTPUT(UART_P.elf elf32-littlearm)

.ARM.attributes
                0x00000000       0x29
 .ARM.attributes
                0x00000000       0x1d c:/program files (x86)/atmel/studio/7.0/toolchain/arm/arm-gnu-toolchain/bin/../lib/gcc/arm-none-eabi/6.3.1/thumb/v7-m/crti.o
 .ARM.attributes
                0x0000001d       0x2d c:/program files (x86)/atmel/studio/7.0/toolchain/arm/arm-gnu-toolchain/bin/../lib/gcc/arm-none-eabi/6.3.1/thumb/v7-m/crtbegin.o
 .ARM.attributes
                0x0000004a       0x33 src/ASF/common/services/delay/sam/cycle_counter.o
 .ARM.attributes
                0x0000007d       0x33 src/ASF/common/services/clock/sam3x/sysclk.o
 .ARM.attributes
                0x000000b0       0x33 src/ASF/sam/boards/arduino_due_x/init.o
 .ARM.attributes
                0x000000e3       0x33 src/ASF/sam/drivers/pio/pio.o
 .ARM.attributes
                0x00000116       0x33 src/ASF/sam/drivers/pio/pio_handler.o
 .ARM.attributes
                0x00000149       0x33 src/ASF/sam/drivers/pmc/pmc.o
 .ARM.attributes
                0x0000017c       0x33 src/ASF/sam/utils/cmsis/sam3x/source/templates/exceptions.o
 .ARM.attributes
                0x000001af       0x33 src/ASF/sam/utils/cmsis/sam3x/source/templates/gcc/startup_sam3x.o
 .ARM.attributes
                0x000001e2       0x33 src/ASF/sam/utils/cmsis/sam3x/source/templates/system_sam3x.o
 .ARM.attributes
                0x00000215       0x33 src/main.o
 .ARM.attributes
                0x00000248       0x2d c:/program files (x86)/atmel/studio/7.0/toolchain/arm/arm-gnu-toolchain/bin/../lib/gcc/arm-none-eabi/6.3.1/../../../../arm-none-eabi/lib/thumb/v7-m\libc.a(lib_a-impure.o)
 .ARM.attributes
                0x00000275       0x2d c:/program files (x86)/atmel/studio/7.0/toolchain/arm/arm-gnu-toolchain/bin/../lib/gcc/arm-none-eabi/6.3.1/../../../../arm-none-eabi/lib/thumb/v7-m\libc.a(lib_a-init.o)
 .ARM.attributes
                0x000002a2       0x2d c:/program files (x86)/atmel/studio/7.0/toolchain/arm/arm-gnu-toolchain/bin/../lib/gcc/arm-none-eabi/6.3.1/../../../../arm-none-eabi/lib/thumb/v7-m\libc.a(lib_a-__call_atexit.o)
 .ARM.attributes
                0x000002cf       0x2d c:/program files (x86)/atmel/studio/7.0/toolchain/arm/arm-gnu-toolchain/bin/../lib/gcc/arm-none-eabi/6.3.1/../../../../arm-none-eabi/lib/thumb/v7-m\libc.a(lib_a-atexit.o)
 .ARM.attributes
                0x000002fc       0x2d c:/program files (x86)/atmel/studio/7.0/toolchain/arm/arm-gnu-toolchain/bin/../lib/gcc/arm-none-eabi/6.3.1/../../../../arm-none-eabi/lib/thumb/v7-m\libc.a(lib_a-fini.o)
 .ARM.attributes
                0x00000329       0x2d c:/program files (x86)/atmel/studio/7.0/toolchain/arm/arm-gnu-toolchain/bin/../lib/gcc/arm-none-eabi/6.3.1/../../../../arm-none-eabi/lib/thumb/v7-m\libc.a(lib_a-lock.o)
 .ARM.attributes
                0x00000356       0x2d c:/program files (x86)/atmel/studio/7.0/toolchain/arm/arm-gnu-toolchain/bin/../lib/gcc/arm-none-eabi/6.3.1/../../../../arm-none-eabi/lib/thumb/v7-m\libc.a(lib_a-__atexit.o)
 .ARM.attributes
                0x00000383       0x1d c:/program files (x86)/atmel/studio/7.0/toolchain/arm/arm-gnu-toolchain/bin/../lib/gcc/arm-none-eabi/6.3.1/thumb/v7-m/crtn.o

.comment        0x00000000       0x59
 .comment       0x00000000       0x59 src/ASF/common/services/delay/sam/cycle_counter.o
                                 0x5a (size before relaxing)
 .comment       0x00000059       0x5a src/ASF/common/services/clock/sam3x/sysclk.o
 .comment       0x00000059       0x5a src/ASF/sam/boards/arduino_due_x/init.o
 .comment       0x00000059       0x5a src/ASF/sam/drivers/pio/pio.o
 .comment       0x00000059       0x5a src/ASF/sam/drivers/pio/pio_handler.o
 .comment       0x00000059       0x5a src/ASF/sam/drivers/pmc/pmc.o
 .comment       0x00000059       0x5a src/ASF/sam/utils/cmsis/sam3x/source/templates/exceptions.o
 .comment       0x00000059       0x5a src/ASF/sam/utils/cmsis/sam3x/source/templates/gcc/startup_sam3x.o
 .comment       0x00000059       0x5a src/ASF/sam/utils/cmsis/sam3x/source/templates/system_sam3x.o
 .comment       0x00000059       0x5a src/main.o

.debug_info     0x00000000     0xada8
 .debug_info    0x00000000      0xa45 src/ASF/common/services/delay/sam/cycle_counter.o
 .debug_info    0x00000a45     0x11ad src/ASF/common/services/clock/sam3x/sysclk.o
 .debug_info    0x00001bf2     0x108a src/ASF/sam/boards/arduino_due_x/init.o
 .debug_info    0x00002c7c     0x1c61 src/ASF/sam/drivers/pio/pio.o
 .debug_info    0x000048dd     0x17be src/ASF/sam/drivers/pio/pio_handler.o
 .debug_info    0x0000609b     0x1a59 src/ASF/sam/drivers/pmc/pmc.o
 .debug_info    0x00007af4      0xa39 src/ASF/sam/utils/cmsis/sam3x/source/templates/exceptions.o
 .debug_info    0x0000852d      0xd1b src/ASF/sam/utils/cmsis/sam3x/source/templates/gcc/startup_sam3x.o
 .debug_info    0x00009248      0xdc2 src/ASF/sam/utils/cmsis/sam3x/source/templates/system_sam3x.o
 .debug_info    0x0000a00a      0xd9e src/main.o

.debug_abbrev   0x00000000     0x1960
 .debug_abbrev  0x00000000      0x1b3 src/ASF/common/services/delay/sam/cycle_counter.o
 .debug_abbrev  0x000001b3      0x330 src/ASF/common/services/clock/sam3x/sysclk.o
 .debug_abbrev  0x000004e3      0x262 src/ASF/sam/boards/arduino_due_x/init.o
 .debug_abbrev  0x00000745      0x3c7 src/ASF/sam/drivers/pio/pio.o
 .debug_abbrev  0x00000b0c      0x329 src/ASF/sam/drivers/pio/pio_handler.o
 .debug_abbrev  0x00000e35      0x335 src/ASF/sam/drivers/pmc/pmc.o
 .debug_abbrev  0x0000116a      0x1a4 src/ASF/sam/utils/cmsis/sam3x/source/templates/exceptions.o
 .debug_abbrev  0x0000130e      0x1f2 src/ASF/sam/utils/cmsis/sam3x/source/templates/gcc/startup_sam3x.o
 .debug_abbrev  0x00001500      0x1f4 src/ASF/sam/utils/cmsis/sam3x/source/templates/system_sam3x.o
 .debug_abbrev  0x000016f4      0x26c src/main.o

.debug_aranges  0x00000000      0x4b0
 .debug_aranges
                0x00000000       0x20 src/ASF/common/services/delay/sam/cycle_counter.o
 .debug_aranges
                0x00000020       0x40 src/ASF/common/services/clock/sam3x/sysclk.o
 .debug_aranges
                0x00000060       0x20 src/ASF/sam/boards/arduino_due_x/init.o
 .debug_aranges
                0x00000080      0x148 src/ASF/sam/drivers/pio/pio.o
 .debug_aranges
                0x000001c8       0x58 src/ASF/sam/drivers/pio/pio_handler.o
 .debug_aranges
                0x00000220      0x200 src/ASF/sam/drivers/pmc/pmc.o
 .debug_aranges
                0x00000420       0x20 src/ASF/sam/utils/cmsis/sam3x/source/templates/exceptions.o
 .debug_aranges
                0x00000440       0x20 src/ASF/sam/utils/cmsis/sam3x/source/templates/gcc/startup_sam3x.o
 .debug_aranges
                0x00000460       0x30 src/ASF/sam/utils/cmsis/sam3x/source/templates/system_sam3x.o
 .debug_aranges
                0x00000490       0x20 src/main.o

.debug_ranges   0x00000000      0x440
 .debug_ranges  0x00000000       0x10 src/ASF/common/services/delay/sam/cycle_counter.o
 .debug_ranges  0x00000010       0x30 src/ASF/common/services/clock/sam3x/sysclk.o
 .debug_ranges  0x00000040       0x10 src/ASF/sam/boards/arduino_due_x/init.o
 .debug_ranges  0x00000050      0x150 src/ASF/sam/drivers/pio/pio.o
 .debug_ranges  0x000001a0       0x60 src/ASF/sam/drivers/pio/pio_handler.o
 .debug_ranges  0x00000200      0x1f0 src/ASF/sam/drivers/pmc/pmc.o
 .debug_ranges  0x000003f0       0x10 src/ASF/sam/utils/cmsis/sam3x/source/templates/exceptions.o
 .debug_ranges  0x00000400       0x10 src/ASF/sam/utils/cmsis/sam3x/source/templates/gcc/startup_sam3x.o
 .debug_ranges  0x00000410       0x20 src/ASF/sam/utils/cmsis/sam3x/source/templates/system_sam3x.o
 .debug_ranges  0x00000430       0x10 src/main.o

.debug_macro    0x00000000    0x15f85
 .debug_macro   0x00000000      0x55f src/ASF/common/services/delay/sam/cycle_counter.o
 .debug_macro   0x0000055f      0x8ce src/ASF/common/services/delay/sam/cycle_counter.o
 .debug_macro   0x00000e2d      0x16d src/ASF/common/services/delay/sam/cycle_counter.o
 .debug_macro   0x00000f9a      0x6d7 src/ASF/common/services/delay/sam/cycle_counter.o
 .debug_macro   0x00001671       0x76 src/ASF/common/services/delay/sam/cycle_counter.o
 .debug_macro   0x000016e7       0x16 src/ASF/common/services/delay/sam/cycle_counter.o
 .debug_macro   0x000016fd      0x6da src/ASF/common/services/delay/sam/cycle_counter.o
 .debug_macro   0x00001dd7       0x22 src/ASF/common/services/delay/sam/cycle_counter.o
 .debug_macro   0x00001df9       0x87 src/ASF/common/services/delay/sam/cycle_counter.o
 .debug_macro   0x00001e80       0x51 src/ASF/common/services/delay/sam/cycle_counter.o
 .debug_macro   0x00001ed1       0xef src/ASF/common/services/delay/sam/cycle_counter.o
 .debug_macro   0x00001fc0       0x6a src/ASF/common/services/delay/sam/cycle_counter.o
 .debug_macro   0x0000202a      0x1df src/ASF/common/services/delay/sam/cycle_counter.o
 .debug_macro   0x00002209       0x20 src/ASF/common/services/delay/sam/cycle_counter.o
 .debug_macro   0x00002229       0x3a src/ASF/common/services/delay/sam/cycle_counter.o
 .debug_macro   0x00002263       0x2d src/ASF/common/services/delay/sam/cycle_counter.o
 .debug_macro   0x00002290      0xbb1 src/ASF/common/services/delay/sam/cycle_counter.o
 .debug_macro   0x00002e41      0xaac src/ASF/common/services/delay/sam/cycle_counter.o
 .debug_macro   0x000038ed      0x55f src/ASF/common/services/delay/sam/cycle_counter.o
 .debug_macro   0x00003e4c      0x2ab src/ASF/common/services/delay/sam/cycle_counter.o
 .debug_macro   0x000040f7      0x310 src/ASF/common/services/delay/sam/cycle_counter.o
 .debug_macro   0x00004407      0x746 src/ASF/common/services/delay/sam/cycle_counter.o
 .debug_macro   0x00004b4d       0x82 src/ASF/common/services/delay/sam/cycle_counter.o
 .debug_macro   0x00004bcf      0x571 src/ASF/common/services/delay/sam/cycle_counter.o
 .debug_macro   0x00005140       0x1c src/ASF/common/services/delay/sam/cycle_counter.o
 .debug_macro   0x0000515c      0x6ae src/ASF/common/services/delay/sam/cycle_counter.o
 .debug_macro   0x0000580a      0x523 src/ASF/common/services/delay/sam/cycle_counter.o
 .debug_macro   0x00005d2d       0xbe src/ASF/common/services/delay/sam/cycle_counter.o
 .debug_macro   0x00005deb     0x2338 src/ASF/common/services/delay/sam/cycle_counter.o
 .debug_macro   0x00008123      0x853 src/ASF/common/services/delay/sam/cycle_counter.o
 .debug_macro   0x00008976      0xdbf src/ASF/common/services/delay/sam/cycle_counter.o
 .debug_macro   0x00009735       0x7c src/ASF/common/services/delay/sam/cycle_counter.o
 .debug_macro   0x000097b1      0x25a src/ASF/common/services/delay/sam/cycle_counter.o
 .debug_macro   0x00009a0b       0x58 src/ASF/common/services/delay/sam/cycle_counter.o
 .debug_macro   0x00009a63      0x99e src/ASF/common/services/delay/sam/cycle_counter.o
 .debug_macro   0x0000a401      0x240 src/ASF/common/services/delay/sam/cycle_counter.o
 .debug_macro   0x0000a641      0x4d5 src/ASF/common/services/delay/sam/cycle_counter.o
 .debug_macro   0x0000ab16      0x6a9 src/ASF/common/services/delay/sam/cycle_counter.o
 .debug_macro   0x0000b1bf      0x595 src/ASF/common/services/delay/sam/cycle_counter.o
 .debug_macro   0x0000b754       0x46 src/ASF/common/services/delay/sam/cycle_counter.o
 .debug_macro   0x0000b79a      0x344 src/ASF/common/services/delay/sam/cycle_counter.o
 .debug_macro   0x0000bade      0x283 src/ASF/common/services/delay/sam/cycle_counter.o
 .debug_macro   0x0000bd61     0x14d7 src/ASF/common/services/delay/sam/cycle_counter.o
 .debug_macro   0x0000d238      0x7b0 src/ASF/common/services/delay/sam/cycle_counter.o
 .debug_macro   0x0000d9e8       0x76 src/ASF/common/services/delay/sam/cycle_counter.o
 .debug_macro   0x0000da5e       0x82 src/ASF/common/services/delay/sam/cycle_counter.o
 .debug_macro   0x0000dae0       0x76 src/ASF/common/services/delay/sam/cycle_counter.o
 .debug_macro   0x0000db56       0x4c src/ASF/common/services/delay/sam/cycle_counter.o
 .debug_macro   0x0000dba2      0x100 src/ASF/common/services/delay/sam/cycle_counter.o
 .debug_macro   0x0000dca2      0x100 src/ASF/common/services/delay/sam/cycle_counter.o
 .debug_macro   0x0000dda2      0x100 src/ASF/common/services/delay/sam/cycle_counter.o
 .debug_macro   0x0000dea2       0x88 src/ASF/common/services/delay/sam/cycle_counter.o
 .debug_macro   0x0000df2a       0x88 src/ASF/common/services/delay/sam/cycle_counter.o
 .debug_macro   0x0000dfb2      0x3b4 src/ASF/common/services/delay/sam/cycle_counter.o
 .debug_macro   0x0000e366       0xb8 src/ASF/common/services/delay/sam/cycle_counter.o
 .debug_macro   0x0000e41e       0xb8 src/ASF/common/services/delay/sam/cycle_counter.o
 .debug_macro   0x0000e4d6       0xb8 src/ASF/common/services/delay/sam/cycle_counter.o
 .debug_macro   0x0000e58e       0xb8 src/ASF/common/services/delay/sam/cycle_counter.o
 .debug_macro   0x0000e646      0x2b8 src/ASF/common/services/delay/sam/cycle_counter.o
 .debug_macro   0x0000e8fe      0x11b src/ASF/common/services/delay/sam/cycle_counter.o
 .debug_macro   0x0000ea19      0x21b src/ASF/common/services/delay/sam/cycle_counter.o
 .debug_macro   0x0000ec34      0x21b src/ASF/common/services/delay/sam/cycle_counter.o
 .debug_macro   0x0000ee4f       0x2e src/ASF/common/services/delay/sam/cycle_counter.o
 .debug_macro   0x0000ee7d       0xac src/ASF/common/services/delay/sam/cycle_counter.o
 .debug_macro   0x0000ef29      0x143 src/ASF/common/services/delay/sam/cycle_counter.o
 .debug_macro   0x0000f06c       0x7c src/ASF/common/services/delay/sam/cycle_counter.o
 .debug_macro   0x0000f0e8      0x1fb src/ASF/common/services/delay/sam/cycle_counter.o
 .debug_macro   0x0000f2e3       0x64 src/ASF/common/services/delay/sam/cycle_counter.o
 .debug_macro   0x0000f347       0xa6 src/ASF/common/services/delay/sam/cycle_counter.o
 .debug_macro   0x0000f3ed       0x7c src/ASF/common/services/delay/sam/cycle_counter.o
 .debug_macro   0x0000f469       0x16 src/ASF/common/services/delay/sam/cycle_counter.o
 .debug_macro   0x0000f47f       0x22 src/ASF/common/services/delay/sam/cycle_counter.o
 .debug_macro   0x0000f4a1       0x22 src/ASF/common/services/delay/sam/cycle_counter.o
 .debug_macro   0x0000f4c3      0x10c src/ASF/common/services/delay/sam/cycle_counter.o
 .debug_macro   0x0000f5cf      0x10c src/ASF/common/services/delay/sam/cycle_counter.o
 .debug_macro   0x0000f6db      0x10c src/ASF/common/services/delay/sam/cycle_counter.o
 .debug_macro   0x0000f7e7      0x10c src/ASF/common/services/delay/sam/cycle_counter.o
 .debug_macro   0x0000f8f3       0x1c src/ASF/common/services/delay/sam/cycle_counter.o
 .debug_macro   0x0000f90f       0x2e src/ASF/common/services/delay/sam/cycle_counter.o
 .debug_macro   0x0000f93d       0x22 src/ASF/common/services/delay/sam/cycle_counter.o
 .debug_macro   0x0000f95f       0x1c src/ASF/common/services/delay/sam/cycle_counter.o
 .debug_macro   0x0000f97b       0x58 src/ASF/common/services/delay/sam/cycle_counter.o
 .debug_macro   0x0000f9d3       0x10 src/ASF/common/services/delay/sam/cycle_counter.o
 .debug_macro   0x0000f9e3      0x273 src/ASF/common/services/delay/sam/cycle_counter.o
 .debug_macro   0x0000fc56      0xd39 src/ASF/common/services/delay/sam/cycle_counter.o
 .debug_macro   0x0001098f      0x131 src/ASF/common/services/delay/sam/cycle_counter.o
 .debug_macro   0x00010ac0       0x58 src/ASF/common/services/delay/sam/cycle_counter.o
 .debug_macro   0x00010b18       0x35 src/ASF/common/services/delay/sam/cycle_counter.o
 .debug_macro   0x00010b4d       0x9c src/ASF/common/services/delay/sam/cycle_counter.o
 .debug_macro   0x00010be9       0x16 src/ASF/common/services/delay/sam/cycle_counter.o
 .debug_macro   0x00010bff       0x35 src/ASF/common/services/delay/sam/cycle_counter.o
 .debug_macro   0x00010c34      0x353 src/ASF/common/services/delay/sam/cycle_counter.o
 .debug_macro   0x00010f87       0x10 src/ASF/common/services/delay/sam/cycle_counter.o
 .debug_macro   0x00010f97       0x58 src/ASF/common/services/delay/sam/cycle_counter.o
 .debug_macro   0x00010fef       0x1f src/ASF/common/services/delay/sam/cycle_counter.o
 .debug_macro   0x0001100e       0x43 src/ASF/common/services/delay/sam/cycle_counter.o
 .debug_macro   0x00011051       0x20 src/ASF/common/services/delay/sam/cycle_counter.o
 .debug_macro   0x00011071      0x187 src/ASF/common/services/delay/sam/cycle_counter.o
 .debug_macro   0x000111f8       0x10 src/ASF/common/services/delay/sam/cycle_counter.o
 .debug_macro   0x00011208       0x1c src/ASF/common/services/delay/sam/cycle_counter.o
 .debug_macro   0x00011224       0x52 src/ASF/common/services/delay/sam/cycle_counter.o
 .debug_macro   0x00011276       0x40 src/ASF/common/services/delay/sam/cycle_counter.o
 .debug_macro   0x000112b6       0x10 src/ASF/common/services/delay/sam/cycle_counter.o
 .debug_macro   0x000112c6       0x40 src/ASF/common/services/delay/sam/cycle_counter.o
 .debug_macro   0x00011306       0xd7 src/ASF/common/services/delay/sam/cycle_counter.o
 .debug_macro   0x000113dd       0x16 src/ASF/common/services/delay/sam/cycle_counter.o
 .debug_macro   0x000113f3      0x18b src/ASF/common/services/delay/sam/cycle_counter.o
 .debug_macro   0x0001157e       0x22 src/ASF/common/services/delay/sam/cycle_counter.o
 .debug_macro   0x000115a0       0x16 src/ASF/common/services/delay/sam/cycle_counter.o
 .debug_macro   0x000115b6       0x16 src/ASF/common/services/delay/sam/cycle_counter.o
 .debug_macro   0x000115cc       0x29 src/ASF/common/services/delay/sam/cycle_counter.o
 .debug_macro   0x000115f5       0x73 src/ASF/common/services/delay/sam/cycle_counter.o
 .debug_macro   0x00011668       0x44 src/ASF/common/services/delay/sam/cycle_counter.o
 .debug_macro   0x000116ac      0x3ca src/ASF/common/services/delay/sam/cycle_counter.o
 .debug_macro   0x00011a76       0x22 src/ASF/common/services/delay/sam/cycle_counter.o
 .debug_macro   0x00011a98      0x5d1 src/ASF/common/services/clock/sam3x/sysclk.o
 .debug_macro   0x00012069       0x34 src/ASF/common/services/clock/sam3x/sysclk.o
 .debug_macro   0x0001209d      0x2bd src/ASF/common/services/clock/sam3x/sysclk.o
 .debug_macro   0x0001235a      0x78f src/ASF/common/services/clock/sam3x/sysclk.o
 .debug_macro   0x00012ae9       0x5e src/ASF/common/services/clock/sam3x/sysclk.o
 .debug_macro   0x00012b47       0x64 src/ASF/common/services/clock/sam3x/sysclk.o
 .debug_macro   0x00012bab       0x5f src/ASF/common/services/clock/sam3x/sysclk.o
 .debug_macro   0x00012c0a       0x90 src/ASF/common/services/clock/sam3x/sysclk.o
 .debug_macro   0x00012c9a      0x616 src/ASF/sam/boards/arduino_due_x/init.o
 .debug_macro   0x000132b0      0x2c3 src/ASF/sam/boards/arduino_due_x/init.o
 .debug_macro   0x00013573       0x16 src/ASF/sam/boards/arduino_due_x/init.o
 .debug_macro   0x00013589       0x94 src/ASF/sam/boards/arduino_due_x/init.o
 .debug_macro   0x0001361d       0x40 src/ASF/sam/boards/arduino_due_x/init.o
 .debug_macro   0x0001365d       0x6a src/ASF/sam/boards/arduino_due_x/init.o
 .debug_macro   0x000136c7      0x56b src/ASF/sam/drivers/pio/pio.o
 .debug_macro   0x00013c32       0x8e src/ASF/sam/drivers/pio/pio.o
 .debug_macro   0x00013cc0      0x56f src/ASF/sam/drivers/pio/pio_handler.o
 .debug_macro   0x0001422f      0x565 src/ASF/sam/drivers/pmc/pmc.o
 .debug_macro   0x00014794       0x58 src/ASF/sam/drivers/pmc/pmc.o
 .debug_macro   0x000147ec      0x564 src/ASF/sam/utils/cmsis/sam3x/source/templates/exceptions.o
 .debug_macro   0x00014d50      0x572 src/ASF/sam/utils/cmsis/sam3x/source/templates/gcc/startup_sam3x.o
 .debug_macro   0x000152c2      0x572 src/ASF/sam/utils/cmsis/sam3x/source/templates/system_sam3x.o
 .debug_macro   0x00015834       0x26 src/ASF/sam/utils/cmsis/sam3x/source/templates/system_sam3x.o
 .debug_macro   0x0001585a      0x655 src/main.o
 .debug_macro   0x00015eaf       0x28 src/main.o
 .debug_macro   0x00015ed7       0x22 src/main.o
 .debug_macro   0x00015ef9       0x70 src/main.o
 .debug_macro   0x00015f69       0x1c src/main.o

.debug_line     0x00000000     0x8124
 .debug_line    0x00000000      0xb4e src/ASF/common/services/delay/sam/cycle_counter.o
 .debug_line    0x00000b4e      0xcba src/ASF/common/services/clock/sam3x/sysclk.o
 .debug_line    0x00001808      0xd4d src/ASF/sam/boards/arduino_due_x/init.o
 .debug_line    0x00002555      0xec9 src/ASF/sam/drivers/pio/pio.o
 .debug_line    0x0000341e      0xc0d src/ASF/sam/drivers/pio/pio_handler.o
 .debug_line    0x0000402b     0x10b2 src/ASF/sam/drivers/pmc/pmc.o
 .debug_line    0x000050dd      0xb23 src/ASF/sam/utils/cmsis/sam3x/source/templates/exceptions.o
 .debug_line    0x00005c00      0xb6c src/ASF/sam/utils/cmsis/sam3x/source/templates/gcc/startup_sam3x.o
 .debug_line    0x0000676c      0xb9e src/ASF/sam/utils/cmsis/sam3x/source/templates/system_sam3x.o
 .debug_line    0x0000730a      0xe1a src/main.o

.debug_str      0x00000000    0x62f73
 .debug_str     0x00000000    0x5cfa8 src/ASF/common/services/delay/sam/cycle_counter.o
                              0x5d316 (size before relaxing)
 .debug_str     0x0005cfa8     0x40c8 src/ASF/common/services/clock/sam3x/sysclk.o
                              0x61265 (size before relaxing)
 .debug_str     0x00061070      0xaa9 src/ASF/sam/boards/arduino_due_x/init.o
                              0x61947 (size before relaxing)
 .debug_str     0x00061b19      0x408 src/ASF/sam/drivers/pio/pio.o
                              0x5db46 (size before relaxing)
 .debug_str     0x00061f21      0x466 src/ASF/sam/drivers/pio/pio_handler.o
                              0x5dc3f (size before relaxing)
 .debug_str     0x00062387      0x591 src/ASF/sam/drivers/pmc/pmc.o
                              0x5dbc2 (size before relaxing)
 .debug_str     0x00062918       0x4d src/ASF/sam/utils/cmsis/sam3x/source/templates/exceptions.o
                              0x5d1bb (size before relaxing)
 .debug_str     0x00062965       0xd9 src/ASF/sam/utils/cmsis/sam3x/source/templates/gcc/startup_sam3x.o
                              0x5d2b7 (size before relaxing)
 .debug_str     0x00062a3e      0x195 src/ASF/sam/utils/cmsis/sam3x/source/templates/system_sam3x.o
                              0x5d493 (size before relaxing)
 .debug_str     0x00062bd3      0x3a0 src/main.o
                              0x61c0b (size before relaxing)

.debug_frame    0x00000000      0xaf4
 .debug_frame   0x00000000       0x20 src/ASF/common/services/delay/sam/cycle_counter.o
 .debug_frame   0x00000020       0x88 src/ASF/common/services/clock/sam3x/sysclk.o
 .debug_frame   0x000000a8       0x28 src/ASF/sam/boards/arduino_due_x/init.o
 .debug_frame   0x000000d0      0x2b8 src/ASF/sam/drivers/pio/pio.o
 .debug_frame   0x00000388       0xf8 src/ASF/sam/drivers/pio/pio_handler.o
 .debug_frame   0x00000480      0x404 src/ASF/sam/drivers/pmc/pmc.o
 .debug_frame   0x00000884       0x20 src/ASF/sam/utils/cmsis/sam3x/source/templates/exceptions.o
 .debug_frame   0x000008a4       0x28 src/ASF/sam/utils/cmsis/sam3x/source/templates/gcc/startup_sam3x.o
 .debug_frame   0x000008cc       0x40 src/ASF/sam/utils/cmsis/sam3x/source/templates/system_sam3x.o
 .debug_frame   0x0000090c       0x28 src/main.o
 .debug_frame   0x00000934       0x2c c:/program files (x86)/atmel/studio/7.0/toolchain/arm/arm-gnu-toolchain/bin/../lib/gcc/arm-none-eabi/6.3.1/../../../../arm-none-eabi/lib/thumb/v7-m\libc.a(lib_a-init.o)
 .debug_frame   0x00000960       0x5c c:/program files (x86)/atmel/studio/7.0/toolchain/arm/arm-gnu-toolchain/bin/../lib/gcc/arm-none-eabi/6.3.1/../../../../arm-none-eabi/lib/thumb/v7-m\libc.a(lib_a-__call_atexit.o)
 .debug_frame   0x000009bc       0x20 c:/program files (x86)/atmel/studio/7.0/toolchain/arm/arm-gnu-toolchain/bin/../lib/gcc/arm-none-eabi/6.3.1/../../../../arm-none-eabi/lib/thumb/v7-m\libc.a(lib_a-atexit.o)
 .debug_frame   0x000009dc       0x34 c:/program files (x86)/atmel/studio/7.0/toolchain/arm/arm-gnu-toolchain/bin/../lib/gcc/arm-none-eabi/6.3.1/../../../../arm-none-eabi/lib/thumb/v7-m\libc.a(lib_a-fini.o)
 .debug_frame   0x00000a10       0xb0 c:/program files (x86)/atmel/studio/7.0/toolchain/arm/arm-gnu-toolchain/bin/../lib/gcc/arm-none-eabi/6.3.1/../../../../arm-none-eabi/lib/thumb/v7-m\libc.a(lib_a-lock.o)
 .debug_frame   0x00000ac0       0x34 c:/program files (x86)/atmel/studio/7.0/toolchain/arm/arm-gnu-toolchain/bin/../lib/gcc/arm-none-eabi/6.3.1/../../../../arm-none-eabi/lib/thumb/v7-m\libc.a(lib_a-__atexit.o)

.debug_loc      0x00000000     0x1d07
 .debug_loc     0x00000000      0x183 src/ASF/common/services/clock/sam3x/sysclk.o
 .debug_loc     0x00000183       0x70 src/ASF/sam/boards/arduino_due_x/init.o
 .debug_loc     0x000001f3      0xacc src/ASF/sam/drivers/pio/pio.o
 .debug_loc     0x00000cbf      0x569 src/ASF/sam/drivers/pio/pio_handler.o
 .debug_loc     0x00001228      0xa54 src/ASF/sam/drivers/pmc/pmc.o
 .debug_loc     0x00001c7c       0x6b src/ASF/sam/utils/cmsis/sam3x/source/templates/gcc/startup_sam3x.o
 .debug_loc     0x00001ce7       0x20 src/main.o

Cross Reference Table

Symbol                                            File
ADC_Handler                                       src/ASF/sam/utils/cmsis/sam3x/source/templates/exceptions.o
                                                  src/ASF/sam/utils/cmsis/sam3x/source/templates/gcc/startup_sam3x.o
BusFault_Handler                                  src/ASF/sam/utils/cmsis/sam3x/source/templates/exceptions.o
                                                  src/ASF/sam/utils/cmsis/sam3x/source/templates/gcc/startup_sam3x.o
CAN0_Handler                                      src/ASF/sam/utils/cmsis/sam3x/source/templates/exceptions.o
                                                  src/ASF/sam/utils/cmsis/sam3x/source/templates/gcc/startup_sam3x.o
CAN1_Handler                                      src/ASF/sam/utils/cmsis/sam3x/source/templates/exceptions.o
                                                  src/ASF/sam/utils/cmsis/sam3x/source/templates/gcc/startup_sam3x.o
CKGR_MOR                                          src/main.o
DACC_Handler                                      src/ASF/sam/utils/cmsis/sam3x/source/templates/exceptions.o
                                                  src/ASF/sam/utils/cmsis/sam3x/source/templates/gcc/startup_sam3x.o
DMAC_Handler                                      src/ASF/sam/utils/cmsis/sam3x/source/templates/exceptions.o
                                                  src/ASF/sam/utils/cmsis/sam3x/source/templates/gcc/startup_sam3x.o
DebugMon_Handler                                  src/ASF/sam/utils/cmsis/sam3x/source/templates/exceptions.o
                                                  src/ASF/sam/utils/cmsis/sam3x/source/templates/gcc/startup_sam3x.o
Dummy_Handler                                     src/ASF/sam/utils/cmsis/sam3x/source/templates/exceptions.o
EFC0_Handler                                      src/ASF/sam/utils/cmsis/sam3x/source/templates/exceptions.o
                                                  src/ASF/sam/utils/cmsis/sam3x/source/templates/gcc/startup_sam3x.o
EFC1_Handler                                      src/ASF/sam/utils/cmsis/sam3x/source/templates/exceptions.o
                                                  src/ASF/sam/utils/cmsis/sam3x/source/templates/gcc/startup_sam3x.o
EMAC_Handler                                      src/ASF/sam/utils/cmsis/sam3x/source/templates/exceptions.o
                                                  src/ASF/sam/utils/cmsis/sam3x/source/templates/gcc/startup_sam3x.o
HSMCI_Handler                                     src/ASF/sam/utils/cmsis/sam3x/source/templates/exceptions.o
                                                  src/ASF/sam/utils/cmsis/sam3x/source/templates/gcc/startup_sam3x.o
HardFault_Handler                                 src/ASF/sam/utils/cmsis/sam3x/source/templates/exceptions.o
                                                  src/ASF/sam/utils/cmsis/sam3x/source/templates/gcc/startup_sam3x.o
MemManage_Handler                                 src/ASF/sam/utils/cmsis/sam3x/source/templates/exceptions.o
                                                  src/ASF/sam/utils/cmsis/sam3x/source/templates/gcc/startup_sam3x.o
NMI_Handler                                       src/ASF/sam/utils/cmsis/sam3x/source/templates/exceptions.o
                                                  src/ASF/sam/utils/cmsis/sam3x/source/templates/gcc/startup_sam3x.o
PIOA_Handler                                      src/ASF/sam/drivers/pio/pio_handler.o
                                                  src/ASF/sam/utils/cmsis/sam3x/source/templates/gcc/startup_sam3x.o
PIOB_Handler                                      src/ASF/sam/drivers/pio/pio_handler.o
                                                  src/ASF/sam/utils/cmsis/sam3x/source/templates/gcc/startup_sam3x.o
PIOC_Handler                                      src/ASF/sam/drivers/pio/pio_handler.o
                                                  src/ASF/sam/utils/cmsis/sam3x/source/templates/gcc/startup_sam3x.o
PIOD_Handler                                      src/ASF/sam/drivers/pio/pio_handler.o
                                                  src/ASF/sam/utils/cmsis/sam3x/source/templates/gcc/startup_sam3x.o
PMC_Handler                                       src/ASF/sam/utils/cmsis/sam3x/source/templates/exceptions.o
                                                  src/ASF/sam/utils/cmsis/sam3x/source/templates/gcc/startup_sam3x.o
PWM_Handler                                       src/ASF/sam/utils/cmsis/sam3x/source/templates/exceptions.o
                                                  src/ASF/sam/utils/cmsis/sam3x/source/templates/gcc/startup_sam3x.o
PendSV_Handler                                    src/ASF/sam/utils/cmsis/sam3x/source/templates/exceptions.o
                                                  src/ASF/sam/utils/cmsis/sam3x/source/templates/gcc/startup_sam3x.o
RSTC_Handler                                      src/ASF/sam/utils/cmsis/sam3x/source/templates/exceptions.o
                                                  src/ASF/sam/utils/cmsis/sam3x/source/templates/gcc/startup_sam3x.o
RTC_Handler                                       src/ASF/sam/utils/cmsis/sam3x/source/templates/exceptions.o
                                                  src/ASF/sam/utils/cmsis/sam3x/source/templates/gcc/startup_sam3x.o
RTT_Handler                                       src/ASF/sam/utils/cmsis/sam3x/source/templates/exceptions.o
                                                  src/ASF/sam/utils/cmsis/sam3x/source/templates/gcc/startup_sam3x.o
Reset_Handler                                     src/ASF/sam/utils/cmsis/sam3x/source/templates/gcc/startup_sam3x.o
SMC_Handler                                       src/ASF/sam/utils/cmsis/sam3x/source/templates/exceptions.o
                                                  src/ASF/sam/utils/cmsis/sam3x/source/templates/gcc/startup_sam3x.o
SPI0_Handler                                      src/ASF/sam/utils/cmsis/sam3x/source/templates/exceptions.o
                                                  src/ASF/sam/utils/cmsis/sam3x/source/templates/gcc/startup_sam3x.o
SSC_Handler                                       src/ASF/sam/utils/cmsis/sam3x/source/templates/exceptions.o
                                                  src/ASF/sam/utils/cmsis/sam3x/source/templates/gcc/startup_sam3x.o
SUPC_Handler                                      src/ASF/sam/utils/cmsis/sam3x/source/templates/exceptions.o
                                                  src/ASF/sam/utils/cmsis/sam3x/source/templates/gcc/startup_sam3x.o
SVC_Handler                                       src/ASF/sam/utils/cmsis/sam3x/source/templates/exceptions.o
                                                  src/ASF/sam/utils/cmsis/sam3x/source/templates/gcc/startup_sam3x.o
SysTick_Handler                                   src/ASF/sam/utils/cmsis/sam3x/source/templates/exceptions.o
                                                  src/ASF/sam/utils/cmsis/sam3x/source/templates/gcc/startup_sam3x.o
SystemCoreClock                                   src/ASF/sam/utils/cmsis/sam3x/source/templates/system_sam3x.o
SystemCoreClockUpdate                             src/ASF/sam/utils/cmsis/sam3x/source/templates/system_sam3x.o
                                                  src/ASF/common/services/clock/sam3x/sysclk.o
SystemInit                                        src/ASF/sam/utils/cmsis/sam3x/source/templates/system_sam3x.o
TC0_Handler                                       src/ASF/sam/utils/cmsis/sam3x/source/templates/exceptions.o
                                                  src/ASF/sam/utils/cmsis/sam3x/source/templates/gcc/startup_sam3x.o
TC1_Handler                                       src/ASF/sam/utils/cmsis/sam3x/source/templates/exceptions.o
                                                  src/ASF/sam/utils/cmsis/sam3x/source/templates/gcc/startup_sam3x.o
TC2_Handler                                       src/ASF/sam/utils/cmsis/sam3x/source/templates/exceptions.o
                                                  src/ASF/sam/utils/cmsis/sam3x/source/templates/gcc/startup_sam3x.o
TC3_Handler                                       src/ASF/sam/utils/cmsis/sam3x/source/templates/exceptions.o
                                                  src/ASF/sam/utils/cmsis/sam3x/source/templates/gcc/startup_sam3x.o
TC4_Handler                                       src/ASF/sam/utils/cmsis/sam3x/source/templates/exceptions.o
                                                  src/ASF/sam/utils/cmsis/sam3x/source/templates/gcc/startup_sam3x.o
TC5_Handler                                       src/ASF/sam/utils/cmsis/sam3x/source/templates/exceptions.o
                                                  src/ASF/sam/utils/cmsis/sam3x/source/templates/gcc/startup_sam3x.o
TC6_Handler                                       src/ASF/sam/utils/cmsis/sam3x/source/templates/exceptions.o
                                                  src/ASF/sam/utils/cmsis/sam3x/source/templates/gcc/startup_sam3x.o
TC7_Handler                                       src/ASF/sam/utils/cmsis/sam3x/source/templates/exceptions.o
                                                  src/ASF/sam/utils/cmsis/sam3x/source/templates/gcc/startup_sam3x.o
TC8_Handler                                       src/ASF/sam/utils/cmsis/sam3x/source/templates/exceptions.o
                                                  src/ASF/sam/utils/cmsis/sam3x/source/templates/gcc/startup_sam3x.o
TRNG_Handler                                      src/ASF/sam/utils/cmsis/sam3x/source/templates/exceptions.o
                                                  src/ASF/sam/utils/cmsis/sam3x/source/templates/gcc/startup_sam3x.o
TWI0_Handler                                      src/ASF/sam/utils/cmsis/sam3x/source/templates/exceptions.o
                                                  src/ASF/sam/utils/cmsis/sam3x/source/templates/gcc/startup_sam3x.o
TWI1_Handler                                      src/ASF/sam/utils/cmsis/sam3x/source/templates/exceptions.o
                                                  src/ASF/sam/utils/cmsis/sam3x/source/templates/gcc/startup_sam3x.o
TWI_CR                                            src/main.o
TWI_CWGR                                          src/main.o
TWI_IADR                                          src/main.o
TWI_MMR                                           src/main.o
TWI_RHR                                           src/main.o
TWI_SR                                            src/main.o
TWI_THR                                           src/main.o
UART_BRGR                                         src/main.o
UART_CR                                           src/main.o
UART_Handler                                      src/ASF/sam/utils/cmsis/sam3x/source/templates/exceptions.o
                                                  src/ASF/sam/utils/cmsis/sam3x/source/templates/gcc/startup_sam3x.o
UART_IDR                                          src/main.o
UART_IER                                          src/main.o
UART_IMR                                          src/main.o
UART_MR                                           src/main.o
UART_RHR                                          src/main.o
UART_SR                                           src/main.o
UART_THR                                          src/main.o
UOTGHS_Handler                                    src/ASF/sam/utils/cmsis/sam3x/source/templates/exceptions.o
                                                  src/ASF/sam/utils/cmsis/sam3x/source/templates/gcc/startup_sam3x.o
USART0_Handler                                    src/ASF/sam/utils/cmsis/sam3x/source/templates/exceptions.o
                                                  src/ASF/sam/utils/cmsis/sam3x/source/templates/gcc/startup_sam3x.o
USART1_Handler                                    src/ASF/sam/utils/cmsis/sam3x/source/templates/exceptions.o
                                                  src/ASF/sam/utils/cmsis/sam3x/source/templates/gcc/startup_sam3x.o
USART2_Handler                                    src/ASF/sam/utils/cmsis/sam3x/source/templates/exceptions.o
                                                  src/ASF/sam/utils/cmsis/sam3x/source/templates/gcc/startup_sam3x.o
USART3_Handler                                    src/ASF/sam/utils/cmsis/sam3x/source/templates/exceptions.o
                                                  src/ASF/sam/utils/cmsis/sam3x/source/templates/gcc/startup_sam3x.o
UsageFault_Handler                                src/ASF/sam/utils/cmsis/sam3x/source/templates/exceptions.o
                                                  src/ASF/sam/utils/cmsis/sam3x/source/templates/gcc/startup_sam3x.o
WDT_Handler                                       src/ASF/sam/utils/cmsis/sam3x/source/templates/exceptions.o
                                                  src/ASF/sam/utils/cmsis/sam3x/source/templates/gcc/startup_sam3x.o
_Jv_RegisterClasses                               c:/program files (x86)/atmel/studio/7.0/toolchain/arm/arm-gnu-toolchain/bin/../lib/gcc/arm-none-eabi/6.3.1/thumb/v7-m/crtbegin.o
__atexit_recursive_mutex                          c:/program files (x86)/atmel/studio/7.0/toolchain/arm/arm-gnu-toolchain/bin/../lib/gcc/arm-none-eabi/6.3.1/../../../../arm-none-eabi/lib/thumb/v7-m\libc.a(lib_a-__call_atexit.o)
                                                  c:/program files (x86)/atmel/studio/7.0/toolchain/arm/arm-gnu-toolchain/bin/../lib/gcc/arm-none-eabi/6.3.1/../../../../arm-none-eabi/lib/thumb/v7-m\libc.a(lib_a-__atexit.o)
__bss_end__                                       c:/program files (x86)/atmel/studio/7.0/toolchain/arm/arm-gnu-toolchain/bin/../lib/gcc/arm-none-eabi/6.3.1/../../../../arm-none-eabi/lib/thumb/v7-m/crt0.o
__bss_start__                                     c:/program files (x86)/atmel/studio/7.0/toolchain/arm/arm-gnu-toolchain/bin/../lib/gcc/arm-none-eabi/6.3.1/../../../../arm-none-eabi/lib/thumb/v7-m/crt0.o
__call_exitprocs                                  c:/program files (x86)/atmel/studio/7.0/toolchain/arm/arm-gnu-toolchain/bin/../lib/gcc/arm-none-eabi/6.3.1/../../../../arm-none-eabi/lib/thumb/v7-m\libc.a(lib_a-__call_atexit.o)
                                                  c:/program files (x86)/atmel/studio/7.0/toolchain/arm/arm-gnu-toolchain/bin/../lib/gcc/arm-none-eabi/6.3.1/../../../../arm-none-eabi/lib/thumb/v7-m\libc.a(lib_a-exit.o)
__deregister_frame_info                           c:/program files (x86)/atmel/studio/7.0/toolchain/arm/arm-gnu-toolchain/bin/../lib/gcc/arm-none-eabi/6.3.1/thumb/v7-m/crtbegin.o
__dso_handle                                      c:/program files (x86)/atmel/studio/7.0/toolchain/arm/arm-gnu-toolchain/bin/../lib/gcc/arm-none-eabi/6.3.1/thumb/v7-m/crtbegin.o
__fini_array_end                                  c:/program files (x86)/atmel/studio/7.0/toolchain/arm/arm-gnu-toolchain/bin/../lib/gcc/arm-none-eabi/6.3.1/../../../../arm-none-eabi/lib/thumb/v7-m\libc.a(lib_a-fini.o)
__fini_array_start                                c:/program files (x86)/atmel/studio/7.0/toolchain/arm/arm-gnu-toolchain/bin/../lib/gcc/arm-none-eabi/6.3.1/../../../../arm-none-eabi/lib/thumb/v7-m\libc.a(lib_a-fini.o)
__init_array_end                                  c:/program files (x86)/atmel/studio/7.0/toolchain/arm/arm-gnu-toolchain/bin/../lib/gcc/arm-none-eabi/6.3.1/../../../../arm-none-eabi/lib/thumb/v7-m\libc.a(lib_a-init.o)
__init_array_start                                c:/program files (x86)/atmel/studio/7.0/toolchain/arm/arm-gnu-toolchain/bin/../lib/gcc/arm-none-eabi/6.3.1/../../../../arm-none-eabi/lib/thumb/v7-m\libc.a(lib_a-init.o)
__libc_fini                                       c:/program files (x86)/atmel/studio/7.0/toolchain/arm/arm-gnu-toolchain/bin/../lib/gcc/arm-none-eabi/6.3.1/../../../../arm-none-eabi/lib/thumb/v7-m\libc.a(lib_a-__call_atexit.o)
__libc_fini_array                                 c:/program files (x86)/atmel/studio/7.0/toolchain/arm/arm-gnu-toolchain/bin/../lib/gcc/arm-none-eabi/6.3.1/../../../../arm-none-eabi/lib/thumb/v7-m\libc.a(lib_a-fini.o)
                                                  c:/program files (x86)/atmel/studio/7.0/toolchain/arm/arm-gnu-toolchain/bin/../lib/gcc/arm-none-eabi/6.3.1/../../../../arm-none-eabi/lib/thumb/v7-m\libc.a(lib_a-__call_atexit.o)
                                                  c:/program files (x86)/atmel/studio/7.0/toolchain/arm/arm-gnu-toolchain/bin/../lib/gcc/arm-none-eabi/6.3.1/../../../../arm-none-eabi/lib/thumb/v7-m/crt0.o
__libc_init_array                                 c:/program files (x86)/atmel/studio/7.0/toolchain/arm/arm-gnu-toolchain/bin/../lib/gcc/arm-none-eabi/6.3.1/../../../../arm-none-eabi/lib/thumb/v7-m\libc.a(lib_a-init.o)
                                                  src/ASF/sam/utils/cmsis/sam3x/source/templates/gcc/startup_sam3x.o
                                                  c:/program files (x86)/atmel/studio/7.0/toolchain/arm/arm-gnu-toolchain/bin/../lib/gcc/arm-none-eabi/6.3.1/../../../../arm-none-eabi/lib/thumb/v7-m/crt0.o
__lock___arc4random_mutex                         c:/program files (x86)/atmel/studio/7.0/toolchain/arm/arm-gnu-toolchain/bin/../lib/gcc/arm-none-eabi/6.3.1/../../../../arm-none-eabi/lib/thumb/v7-m\libc.a(lib_a-lock.o)
__lock___at_quick_exit_mutex                      c:/program files (x86)/atmel/studio/7.0/toolchain/arm/arm-gnu-toolchain/bin/../lib/gcc/arm-none-eabi/6.3.1/../../../../arm-none-eabi/lib/thumb/v7-m\libc.a(lib_a-lock.o)
__lock___atexit_recursive_mutex                   c:/program files (x86)/atmel/studio/7.0/toolchain/arm/arm-gnu-toolchain/bin/../lib/gcc/arm-none-eabi/6.3.1/../../../../arm-none-eabi/lib/thumb/v7-m\libc.a(lib_a-lock.o)
                                                  c:/program files (x86)/atmel/studio/7.0/toolchain/arm/arm-gnu-toolchain/bin/../lib/gcc/arm-none-eabi/6.3.1/../../../../arm-none-eabi/lib/thumb/v7-m\libc.a(lib_a-__call_atexit.o)
__lock___dd_hash_mutex                            c:/program files (x86)/atmel/studio/7.0/toolchain/arm/arm-gnu-toolchain/bin/../lib/gcc/arm-none-eabi/6.3.1/../../../../arm-none-eabi/lib/thumb/v7-m\libc.a(lib_a-lock.o)
__lock___env_recursive_mutex                      c:/program files (x86)/atmel/studio/7.0/toolchain/arm/arm-gnu-toolchain/bin/../lib/gcc/arm-none-eabi/6.3.1/../../../../arm-none-eabi/lib/thumb/v7-m\libc.a(lib_a-lock.o)
__lock___malloc_recursive_mutex                   c:/program files (x86)/atmel/studio/7.0/toolchain/arm/arm-gnu-toolchain/bin/../lib/gcc/arm-none-eabi/6.3.1/../../../../arm-none-eabi/lib/thumb/v7-m\libc.a(lib_a-lock.o)
__lock___sfp_recursive_mutex                      c:/program files (x86)/atmel/studio/7.0/toolchain/arm/arm-gnu-toolchain/bin/../lib/gcc/arm-none-eabi/6.3.1/../../../../arm-none-eabi/lib/thumb/v7-m\libc.a(lib_a-lock.o)
__lock___sinit_recursive_mutex                    c:/program files (x86)/atmel/studio/7.0/toolchain/arm/arm-gnu-toolchain/bin/../lib/gcc/arm-none-eabi/6.3.1/../../../../arm-none-eabi/lib/thumb/v7-m\libc.a(lib_a-lock.o)
__lock___tz_mutex                                 c:/program files (x86)/atmel/studio/7.0/toolchain/arm/arm-gnu-toolchain/bin/../lib/gcc/arm-none-eabi/6.3.1/../../../../arm-none-eabi/lib/thumb/v7-m\libc.a(lib_a-lock.o)
__preinit_array_end                               c:/program files (x86)/atmel/studio/7.0/toolchain/arm/arm-gnu-toolchain/bin/../lib/gcc/arm-none-eabi/6.3.1/../../../../arm-none-eabi/lib/thumb/v7-m\libc.a(lib_a-init.o)
__preinit_array_start                             c:/program files (x86)/atmel/studio/7.0/toolchain/arm/arm-gnu-toolchain/bin/../lib/gcc/arm-none-eabi/6.3.1/../../../../arm-none-eabi/lib/thumb/v7-m\libc.a(lib_a-init.o)
__ram_end__                                       src/ASF/sam/utils/syscalls/gcc/syscalls.o
__register_exitproc                               c:/program files (x86)/atmel/studio/7.0/toolchain/arm/arm-gnu-toolchain/bin/../lib/gcc/arm-none-eabi/6.3.1/../../../../arm-none-eabi/lib/thumb/v7-m\libc.a(lib_a-__atexit.o)
                                                  c:/program files (x86)/atmel/studio/7.0/toolchain/arm/arm-gnu-toolchain/bin/../lib/gcc/arm-none-eabi/6.3.1/../../../../arm-none-eabi/lib/thumb/v7-m\libc.a(lib_a-atexit.o)
__register_frame_info                             c:/program files (x86)/atmel/studio/7.0/toolchain/arm/arm-gnu-toolchain/bin/../lib/gcc/arm-none-eabi/6.3.1/thumb/v7-m/crtbegin.o
__retarget_lock_acquire                           c:/program files (x86)/atmel/studio/7.0/toolchain/arm/arm-gnu-toolchain/bin/../lib/gcc/arm-none-eabi/6.3.1/../../../../arm-none-eabi/lib/thumb/v7-m\libc.a(lib_a-lock.o)
__retarget_lock_acquire_recursive                 c:/program files (x86)/atmel/studio/7.0/toolchain/arm/arm-gnu-toolchain/bin/../lib/gcc/arm-none-eabi/6.3.1/../../../../arm-none-eabi/lib/thumb/v7-m\libc.a(lib_a-lock.o)
                                                  c:/program files (x86)/atmel/studio/7.0/toolchain/arm/arm-gnu-toolchain/bin/../lib/gcc/arm-none-eabi/6.3.1/../../../../arm-none-eabi/lib/thumb/v7-m\libc.a(lib_a-__atexit.o)
                                                  c:/program files (x86)/atmel/studio/7.0/toolchain/arm/arm-gnu-toolchain/bin/../lib/gcc/arm-none-eabi/6.3.1/../../../../arm-none-eabi/lib/thumb/v7-m\libc.a(lib_a-__call_atexit.o)
__retarget_lock_close                             c:/program files (x86)/atmel/studio/7.0/toolchain/arm/arm-gnu-toolchain/bin/../lib/gcc/arm-none-eabi/6.3.1/../../../../arm-none-eabi/lib/thumb/v7-m\libc.a(lib_a-lock.o)
__retarget_lock_close_recursive                   c:/program files (x86)/atmel/studio/7.0/toolchain/arm/arm-gnu-toolchain/bin/../lib/gcc/arm-none-eabi/6.3.1/../../../../arm-none-eabi/lib/thumb/v7-m\libc.a(lib_a-lock.o)
__retarget_lock_init                              c:/program files (x86)/atmel/studio/7.0/toolchain/arm/arm-gnu-toolchain/bin/../lib/gcc/arm-none-eabi/6.3.1/../../../../arm-none-eabi/lib/thumb/v7-m\libc.a(lib_a-lock.o)
__retarget_lock_init_recursive                    c:/program files (x86)/atmel/studio/7.0/toolchain/arm/arm-gnu-toolchain/bin/../lib/gcc/arm-none-eabi/6.3.1/../../../../arm-none-eabi/lib/thumb/v7-m\libc.a(lib_a-lock.o)
__retarget_lock_release                           c:/program files (x86)/atmel/studio/7.0/toolchain/arm/arm-gnu-toolchain/bin/../lib/gcc/arm-none-eabi/6.3.1/../../../../arm-none-eabi/lib/thumb/v7-m\libc.a(lib_a-lock.o)
__retarget_lock_release_recursive                 c:/program files (x86)/atmel/studio/7.0/toolchain/arm/arm-gnu-toolchain/bin/../lib/gcc/arm-none-eabi/6.3.1/../../../../arm-none-eabi/lib/thumb/v7-m\libc.a(lib_a-lock.o)
                                                  c:/program files (x86)/atmel/studio/7.0/toolchain/arm/arm-gnu-toolchain/bin/../lib/gcc/arm-none-eabi/6.3.1/../../../../arm-none-eabi/lib/thumb/v7-m\libc.a(lib_a-__atexit.o)
                                                  c:/program files (x86)/atmel/studio/7.0/toolchain/arm/arm-gnu-toolchain/bin/../lib/gcc/arm-none-eabi/6.3.1/../../../../arm-none-eabi/lib/thumb/v7-m\libc.a(lib_a-__call_atexit.o)
__retarget_lock_try_acquire                       c:/program files (x86)/atmel/studio/7.0/toolchain/arm/arm-gnu-toolchain/bin/../lib/gcc/arm-none-eabi/6.3.1/../../../../arm-none-eabi/lib/thumb/v7-m\libc.a(lib_a-lock.o)
__retarget_lock_try_acquire_recursive             c:/program files (x86)/atmel/studio/7.0/toolchain/arm/arm-gnu-toolchain/bin/../lib/gcc/arm-none-eabi/6.3.1/../../../../arm-none-eabi/lib/thumb/v7-m\libc.a(lib_a-lock.o)
__stack                                           c:/program files (x86)/atmel/studio/7.0/toolchain/arm/arm-gnu-toolchain/bin/../lib/gcc/arm-none-eabi/6.3.1/../../../../arm-none-eabi/lib/thumb/v7-m/crt0.o
_close                                            src/ASF/sam/utils/syscalls/gcc/syscalls.o
_end                                              src/ASF/sam/utils/syscalls/gcc/syscalls.o
_erelocate                                        src/ASF/sam/utils/cmsis/sam3x/source/templates/gcc/startup_sam3x.o
_estack                                           src/ASF/sam/utils/cmsis/sam3x/source/templates/gcc/startup_sam3x.o
_etext                                            src/ASF/sam/utils/cmsis/sam3x/source/templates/gcc/startup_sam3x.o
_exit                                             src/ASF/sam/utils/syscalls/gcc/syscalls.o
                                                  c:/program files (x86)/atmel/studio/7.0/toolchain/arm/arm-gnu-toolchain/bin/../lib/gcc/arm-none-eabi/6.3.1/../../../../arm-none-eabi/lib/thumb/v7-m\libc.a(lib_a-exit.o)
_ezero                                            src/ASF/sam/utils/cmsis/sam3x/source/templates/gcc/startup_sam3x.o
_fini                                             c:/program files (x86)/atmel/studio/7.0/toolchain/arm/arm-gnu-toolchain/bin/../lib/gcc/arm-none-eabi/6.3.1/thumb/v7-m/crti.o
                                                  c:/program files (x86)/atmel/studio/7.0/toolchain/arm/arm-gnu-toolchain/bin/../lib/gcc/arm-none-eabi/6.3.1/../../../../arm-none-eabi/lib/thumb/v7-m\libc.a(lib_a-fini.o)
_fstat                                            src/ASF/sam/utils/syscalls/gcc/syscalls.o
_getpid                                           src/ASF/sam/utils/syscalls/gcc/syscalls.o
_global_impure_ptr                                c:/program files (x86)/atmel/studio/7.0/toolchain/arm/arm-gnu-toolchain/bin/../lib/gcc/arm-none-eabi/6.3.1/../../../../arm-none-eabi/lib/thumb/v7-m\libc.a(lib_a-impure.o)
                                                  c:/program files (x86)/atmel/studio/7.0/toolchain/arm/arm-gnu-toolchain/bin/../lib/gcc/arm-none-eabi/6.3.1/../../../../arm-none-eabi/lib/thumb/v7-m\libc.a(lib_a-__atexit.o)
                                                  c:/program files (x86)/atmel/studio/7.0/toolchain/arm/arm-gnu-toolchain/bin/../lib/gcc/arm-none-eabi/6.3.1/../../../../arm-none-eabi/lib/thumb/v7-m\libc.a(lib_a-__call_atexit.o)
                                                  c:/program files (x86)/atmel/studio/7.0/toolchain/arm/arm-gnu-toolchain/bin/../lib/gcc/arm-none-eabi/6.3.1/../../../../arm-none-eabi/lib/thumb/v7-m\libc.a(lib_a-exit.o)
_impure_ptr                                       c:/program files (x86)/atmel/studio/7.0/toolchain/arm/arm-gnu-toolchain/bin/../lib/gcc/arm-none-eabi/6.3.1/../../../../arm-none-eabi/lib/thumb/v7-m\libc.a(lib_a-impure.o)
_init                                             c:/program files (x86)/atmel/studio/7.0/toolchain/arm/arm-gnu-toolchain/bin/../lib/gcc/arm-none-eabi/6.3.1/thumb/v7-m/crti.o
                                                  c:/program files (x86)/atmel/studio/7.0/toolchain/arm/arm-gnu-toolchain/bin/../lib/gcc/arm-none-eabi/6.3.1/../../../../arm-none-eabi/lib/thumb/v7-m\libc.a(lib_a-init.o)
_isatty                                           src/ASF/sam/utils/syscalls/gcc/syscalls.o
_kill                                             src/ASF/sam/utils/syscalls/gcc/syscalls.o
_lseek                                            src/ASF/sam/utils/syscalls/gcc/syscalls.o
_mainCRTStartup                                   c:/program files (x86)/atmel/studio/7.0/toolchain/arm/arm-gnu-toolchain/bin/../lib/gcc/arm-none-eabi/6.3.1/../../../../arm-none-eabi/lib/thumb/v7-m/crt0.o
_sbrk                                             src/ASF/sam/utils/syscalls/gcc/syscalls.o
_sfixed                                           src/ASF/sam/utils/cmsis/sam3x/source/templates/gcc/startup_sam3x.o
_srelocate                                        src/ASF/sam/utils/cmsis/sam3x/source/templates/gcc/startup_sam3x.o
_start                                            c:/program files (x86)/atmel/studio/7.0/toolchain/arm/arm-gnu-toolchain/bin/../lib/gcc/arm-none-eabi/6.3.1/../../../../arm-none-eabi/lib/thumb/v7-m/crt0.o
_szero                                            src/ASF/sam/utils/cmsis/sam3x/source/templates/gcc/startup_sam3x.o
atexit                                            c:/program files (x86)/atmel/studio/7.0/toolchain/arm/arm-gnu-toolchain/bin/../lib/gcc/arm-none-eabi/6.3.1/../../../../arm-none-eabi/lib/thumb/v7-m\libc.a(lib_a-atexit.o)
                                                  c:/program files (x86)/atmel/studio/7.0/toolchain/arm/arm-gnu-toolchain/bin/../lib/gcc/arm-none-eabi/6.3.1/../../../../arm-none-eabi/lib/thumb/v7-m\libc.a(lib_a-__call_atexit.o)
                                                  c:/program files (x86)/atmel/studio/7.0/toolchain/arm/arm-gnu-toolchain/bin/../lib/gcc/arm-none-eabi/6.3.1/../../../../arm-none-eabi/lib/thumb/v7-m/crt0.o
board_init                                        src/ASF/sam/boards/arduino_due_x/init.o
                                                  src/main.o
cpu_irq_enter_critical                            src/ASF/common/utils/interrupt/interrupt_sam_nvic.o
cpu_irq_leave_critical                            src/ASF/common/utils/interrupt/interrupt_sam_nvic.o
exception_table                                   src/ASF/sam/utils/cmsis/sam3x/source/templates/gcc/startup_sam3x.o
exit                                              c:/program files (x86)/atmel/studio/7.0/toolchain/arm/arm-gnu-toolchain/bin/../lib/gcc/arm-none-eabi/6.3.1/../../../../arm-none-eabi/lib/thumb/v7-m\libc.a(lib_a-exit.o)
                                                  c:/program files (x86)/atmel/studio/7.0/toolchain/arm/arm-gnu-toolchain/bin/../lib/gcc/arm-none-eabi/6.3.1/../../../../arm-none-eabi/lib/thumb/v7-m/crt0.o
free                                              c:/program files (x86)/atmel/studio/7.0/toolchain/arm/arm-gnu-toolchain/bin/../lib/gcc/arm-none-eabi/6.3.1/../../../../arm-none-eabi/lib/thumb/v7-m\libc.a(lib_a-__call_atexit.o)
g_interrupt_enabled                               src/ASF/common/utils/interrupt/interrupt_sam_nvic.o
                                                  src/ASF/sam/drivers/pmc/sleep.o
hardware_init_hook                                c:/program files (x86)/atmel/studio/7.0/toolchain/arm/arm-gnu-toolchain/bin/../lib/gcc/arm-none-eabi/6.3.1/../../../../arm-none-eabi/lib/thumb/v7-m/crt0.o
link                                              src/ASF/sam/utils/syscalls/gcc/syscalls.o
main                                              src/main.o
                                                  src/ASF/sam/utils/cmsis/sam3x/source/templates/gcc/startup_sam3x.o
                                                  c:/program files (x86)/atmel/studio/7.0/toolchain/arm/arm-gnu-toolchain/bin/../lib/gcc/arm-none-eabi/6.3.1/../../../../arm-none-eabi/lib/thumb/v7-m/crt0.o
malloc                                            c:/program files (x86)/atmel/studio/7.0/toolchain/arm/arm-gnu-toolchain/bin/../lib/gcc/arm-none-eabi/6.3.1/../../../../arm-none-eabi/lib/thumb/v7-m\libc.a(lib_a-__atexit.o)
memset                                            c:/program files (x86)/atmel/studio/7.0/toolchain/arm/arm-gnu-toolchain/bin/../lib/gcc/arm-none-eabi/6.3.1/../../../../arm-none-eabi/lib/thumb/v7-m\libc.a(lib_a-memset.o)
                                                  c:/program files (x86)/atmel/studio/7.0/toolchain/arm/arm-gnu-toolchain/bin/../lib/gcc/arm-none-eabi/6.3.1/../../../../arm-none-eabi/lib/thumb/v7-m/crt0.o
pio_clear                                         src/ASF/sam/drivers/pio/pio.o
pio_codrb                                         src/main.o
pio_configure                                     src/ASF/sam/drivers/pio/pio.o
pio_configure_interrupt                           src/ASF/sam/drivers/pio/pio.o
                                                  src/ASF/sam/drivers/pio/pio_handler.o
pio_configure_pin                                 src/ASF/sam/drivers/pio/pio.o
                                                  src/ASF/sam/boards/arduino_due_x/init.o
pio_configure_pin_group                           src/ASF/sam/drivers/pio/pio.o
                                                  src/ASF/sam/boards/arduino_due_x/init.o
pio_disable_interrupt                             src/ASF/sam/drivers/pio/pio.o
                                                  src/ASF/sam/drivers/pio/pio_handler.o
pio_disable_output_write                          src/ASF/sam/drivers/pio/pio.o
pio_disable_pin_interrupt                         src/ASF/sam/drivers/pio/pio.o
pio_enable_interrupt                              src/ASF/sam/drivers/pio/pio.o
                                                  src/ASF/sam/drivers/pio/pio_handler.o
pio_enable_output_write                           src/ASF/sam/drivers/pio/pio.o
pio_enable_pin_interrupt                          src/ASF/sam/drivers/pio/pio.o
pio_get                                           src/ASF/sam/drivers/pio/pio.o
pio_get_interrupt_mask                            src/ASF/sam/drivers/pio/pio.o
                                                  src/ASF/sam/drivers/pio/pio_handler.o
pio_get_interrupt_status                          src/ASF/sam/drivers/pio/pio.o
                                                  src/ASF/sam/drivers/pio/pio_handler.o
pio_get_multi_driver_status                       src/ASF/sam/drivers/pio/pio.o
pio_get_output_data_status                        src/ASF/sam/drivers/pio/pio.o
pio_get_output_write_status                       src/ASF/sam/drivers/pio/pio.o
pio_get_pin_group                                 src/ASF/sam/drivers/pio/pio.o
                                                  src/ASF/sam/drivers/pio/pio_handler.o
pio_get_pin_group_id                              src/ASF/sam/drivers/pio/pio.o
                                                  src/ASF/sam/drivers/pio/pio_handler.o
pio_get_pin_group_mask                            src/ASF/sam/drivers/pio/pio.o
                                                  src/ASF/sam/drivers/pio/pio_handler.o
pio_get_pin_value                                 src/ASF/sam/drivers/pio/pio.o
pio_get_writeprotect_status                       src/ASF/sam/drivers/pio/pio.o
pio_handler_process                               src/ASF/sam/drivers/pio/pio_handler.o
pio_handler_set                                   src/ASF/sam/drivers/pio/pio_handler.o
pio_handler_set_pin                               src/ASF/sam/drivers/pio/pio_handler.o
pio_handler_set_priority                          src/ASF/sam/drivers/pio/pio_handler.o
pio_oerb                                          src/main.o
pio_oerc                                          src/main.o
pio_pabsr                                         src/main.o
pio_pdra                                          src/main.o
pio_pera                                          src/main.o
pio_perb                                          src/main.o
pio_perc                                          src/main.o
pio_psra                                          src/main.o
pio_pudra                                         src/main.o
pio_puedc                                         src/main.o
pio_puera                                         src/main.o
pio_pull_up                                       src/ASF/sam/drivers/pio/pio.o
pio_set                                           src/ASF/sam/drivers/pio/pio.o
pio_set_additional_interrupt_mode                 src/ASF/sam/drivers/pio/pio.o
pio_set_debounce_filter                           src/ASF/sam/drivers/pio/pio.o
pio_set_input                                     src/ASF/sam/drivers/pio/pio.o
pio_set_multi_driver                              src/ASF/sam/drivers/pio/pio.o
pio_set_output                                    src/ASF/sam/drivers/pio/pio.o
pio_set_peripheral                                src/ASF/sam/drivers/pio/pio.o
pio_set_pin_group_high                            src/ASF/sam/drivers/pio/pio.o
pio_set_pin_group_low                             src/ASF/sam/drivers/pio/pio.o
pio_set_pin_high                                  src/ASF/sam/drivers/pio/pio.o
pio_set_pin_low                                   src/ASF/sam/drivers/pio/pio.o
pio_set_writeprotect                              src/ASF/sam/drivers/pio/pio.o
pio_sodrb                                         src/main.o
pio_sodrc                                         src/main.o
pio_sync_output_write                             src/ASF/sam/drivers/pio/pio.o
pio_toggle_pin                                    src/ASF/sam/drivers/pio/pio.o
pio_toggle_pin_group                              src/ASF/sam/drivers/pio/pio.o
pmc_clr_fast_startup_input                        src/ASF/sam/drivers/pmc/pmc.o
pmc_disable_all_pck                               src/ASF/sam/drivers/pmc/pmc.o
pmc_disable_all_periph_clk                        src/ASF/sam/drivers/pmc/pmc.o
pmc_disable_clock_failure_detector                src/ASF/sam/drivers/pmc/pmc.o
pmc_disable_interrupt                             src/ASF/sam/drivers/pmc/pmc.o
pmc_disable_pck                                   src/ASF/sam/drivers/pmc/pmc.o
pmc_disable_periph_clk                            src/ASF/sam/drivers/pmc/pmc.o
pmc_disable_pllack                                src/ASF/sam/drivers/pmc/pmc.o
                                                  src/ASF/sam/drivers/pmc/sleep.o
                                                  src/ASF/common/services/clock/sam3x/sysclk.o
pmc_disable_udpck                                 src/ASF/sam/drivers/pmc/pmc.o
                                                  src/ASF/common/services/clock/sam3x/sysclk.o
pmc_disable_upll_clock                            src/ASF/sam/drivers/pmc/pmc.o
                                                  src/ASF/sam/drivers/pmc/sleep.o
pmc_enable_all_pck                                src/ASF/sam/drivers/pmc/pmc.o
pmc_enable_all_periph_clk                         src/ASF/sam/drivers/pmc/pmc.o
pmc_enable_backupmode                             src/ASF/sam/drivers/pmc/pmc.o
pmc_enable_clock_failure_detector                 src/ASF/sam/drivers/pmc/pmc.o
pmc_enable_interrupt                              src/ASF/sam/drivers/pmc/pmc.o
pmc_enable_pck                                    src/ASF/sam/drivers/pmc/pmc.o
pmc_enable_periph_clk                             src/ASF/sam/drivers/pmc/pmc.o
                                                  src/ASF/sam/boards/arduino_due_x/init.o
pmc_enable_pllack                                 src/ASF/sam/drivers/pmc/pmc.o
pmc_enable_sleepmode                              src/ASF/sam/drivers/pmc/pmc.o
pmc_enable_udpck                                  src/ASF/sam/drivers/pmc/pmc.o
                                                  src/ASF/common/services/clock/sam3x/sysclk.o
pmc_enable_upll_clock                             src/ASF/sam/drivers/pmc/pmc.o
                                                  src/ASF/common/services/clock/sam3x/sysclk.o
pmc_enable_waitmode                               src/ASF/sam/drivers/pmc/pmc.o
                                                  src/ASF/sam/drivers/pmc/sleep.o
pmc_get_interrupt_mask                            src/ASF/sam/drivers/pmc/pmc.o
pmc_get_status                                    src/ASF/sam/drivers/pmc/pmc.o
pmc_get_writeprotect_status                       src/ASF/sam/drivers/pmc/pmc.o
pmc_is_locked_pllack                              src/ASF/sam/drivers/pmc/pmc.o
                                                  src/ASF/common/services/clock/sam3x/sysclk.o
pmc_is_locked_upll                                src/ASF/sam/drivers/pmc/pmc.o
pmc_is_pck_enabled                                src/ASF/sam/drivers/pmc/pmc.o
pmc_is_periph_clk_enabled                         src/ASF/sam/drivers/pmc/pmc.o
pmc_is_wakeup_clocks_restored                     src/ASF/sam/drivers/pmc/sleep.o
pmc_mainck_osc_select                             src/ASF/sam/drivers/pmc/pmc.o
pmc_mck_set_prescaler                             src/ASF/sam/drivers/pmc/pmc.o
                                                  src/ASF/common/services/clock/sam3x/sysclk.o
pmc_mck_set_source                                src/ASF/sam/drivers/pmc/pmc.o
                                                  src/ASF/common/services/clock/sam3x/sysclk.o
pmc_mckr                                          src/main.o
pmc_osc_bypass_main_xtal                          src/ASF/sam/drivers/pmc/pmc.o
pmc_osc_disable_fastrc                            src/ASF/sam/drivers/pmc/pmc.o
pmc_osc_disable_main_xtal                         src/ASF/sam/drivers/pmc/pmc.o
pmc_osc_disable_xtal                              src/ASF/sam/drivers/pmc/pmc.o
pmc_osc_enable_fastrc                             src/ASF/sam/drivers/pmc/pmc.o
pmc_osc_enable_main_xtal                          src/ASF/sam/drivers/pmc/pmc.o
pmc_osc_is_bypassed_main_xtal                     src/ASF/sam/drivers/pmc/pmc.o
pmc_osc_is_ready_32kxtal                          src/ASF/sam/drivers/pmc/pmc.o
pmc_osc_is_ready_fastrc                           src/ASF/sam/drivers/pmc/pmc.o
pmc_osc_is_ready_main_xtal                        src/ASF/sam/drivers/pmc/pmc.o
pmc_osc_is_ready_mainck                           src/ASF/sam/drivers/pmc/pmc.o
                                                  src/ASF/common/services/clock/sam3x/sysclk.o
pmc_pcer0                                         src/main.o
pmc_pck_set_prescaler                             src/ASF/sam/drivers/pmc/pmc.o
pmc_pck_set_source                                src/ASF/sam/drivers/pmc/pmc.o
pmc_pcr                                           src/main.o
pmc_pcsr0                                         src/main.o
pmc_set_fast_startup_input                        src/ASF/sam/drivers/pmc/pmc.o
pmc_set_writeprotect                              src/ASF/sam/drivers/pmc/pmc.o
pmc_sleep                                         src/ASF/sam/drivers/pmc/sleep.o
pmc_switch_mainck_to_fastrc                       src/ASF/sam/drivers/pmc/pmc.o
pmc_switch_mainck_to_xtal                         src/ASF/sam/drivers/pmc/pmc.o
                                                  src/ASF/common/services/clock/sam3x/sysclk.o
pmc_switch_mck_to_mainck                          src/ASF/sam/drivers/pmc/pmc.o
pmc_switch_mck_to_pllack                          src/ASF/sam/drivers/pmc/pmc.o
                                                  src/ASF/common/services/clock/sam3x/sysclk.o
pmc_switch_mck_to_sclk                            src/ASF/sam/drivers/pmc/pmc.o
pmc_switch_mck_to_upllck                          src/ASF/sam/drivers/pmc/pmc.o
pmc_switch_pck_to_mainck                          src/ASF/sam/drivers/pmc/pmc.o
pmc_switch_pck_to_mck                             src/ASF/sam/drivers/pmc/pmc.o
pmc_switch_pck_to_pllack                          src/ASF/sam/drivers/pmc/pmc.o
pmc_switch_pck_to_sclk                            src/ASF/sam/drivers/pmc/pmc.o
pmc_switch_pck_to_upllck                          src/ASF/sam/drivers/pmc/pmc.o
pmc_switch_sclk_to_32kxtal                        src/ASF/sam/drivers/pmc/pmc.o
pmc_switch_udpck_to_pllack                        src/ASF/sam/drivers/pmc/pmc.o
pmc_switch_udpck_to_upllck                        src/ASF/sam/drivers/pmc/pmc.o
                                                  src/ASF/common/services/clock/sam3x/sysclk.o
pmc_wait_wakeup_clocks_restore                    src/ASF/sam/drivers/pmc/sleep.o
portable_delay_cycles                             src/ASF/common/services/delay/sam/cycle_counter.o
                                                  src/main.o
software_init_hook                                c:/program files (x86)/atmel/studio/7.0/toolchain/arm/arm-gnu-toolchain/bin/../lib/gcc/arm-none-eabi/6.3.1/../../../../arm-none-eabi/lib/thumb/v7-m/crt0.o
sysclk_disable_usb                                src/ASF/common/services/clock/sam3x/sysclk.o
sysclk_enable_usb                                 src/ASF/common/services/clock/sam3x/sysclk.o
sysclk_init                                       src/ASF/common/services/clock/sam3x/sysclk.o
                                                  src/main.o
sysclk_set_prescalers                             src/ASF/common/services/clock/sam3x/sysclk.o
sysclk_set_source                                 src/ASF/common/services/clock/sam3x/sysclk.o
system_init_flash                                 src/ASF/sam/utils/cmsis/sam3x/source/templates/system_sam3x.o
                                                  src/ASF/common/services/clock/sam3x/sysclk.o
uart_disable                                      src/ASF/sam/drivers/uart/uart.o
uart_disable_interrupt                            src/ASF/sam/drivers/uart/uart.o
uart_disable_rx                                   src/ASF/sam/drivers/uart/uart.o
uart_disable_tx                                   src/ASF/sam/drivers/uart/uart.o
uart_enable                                       src/ASF/sam/drivers/uart/uart.o
uart_enable_interrupt                             src/ASF/sam/drivers/uart/uart.o
uart_enable_rx                                    src/ASF/sam/drivers/uart/uart.o
uart_enable_tx                                    src/ASF/sam/drivers/uart/uart.o
uart_get_interrupt_mask                           src/ASF/sam/drivers/uart/uart.o
uart_get_pdc_base                                 src/ASF/sam/drivers/uart/uart.o
uart_get_status                                   src/ASF/sam/drivers/uart/uart.o
uart_init                                         src/ASF/sam/drivers/uart/uart.o
uart_is_rx_buf_end                                src/ASF/sam/drivers/uart/uart.o
uart_is_rx_buf_full                               src/ASF/sam/drivers/uart/uart.o
uart_is_rx_ready                                  src/ASF/sam/drivers/uart/uart.o
uart_is_tx_buf_empty                              src/ASF/sam/drivers/uart/uart.o
uart_is_tx_buf_end                                src/ASF/sam/drivers/uart/uart.o
uart_is_tx_empty                                  src/ASF/sam/drivers/uart/uart.o
uart_is_tx_ready                                  src/ASF/sam/drivers/uart/uart.o
uart_read                                         src/ASF/sam/drivers/uart/uart.o
uart_reset                                        src/ASF/sam/drivers/uart/uart.o
uart_reset_rx                                     src/ASF/sam/drivers/uart/uart.o
uart_reset_status                                 src/ASF/sam/drivers/uart/uart.o
uart_reset_tx                                     src/ASF/sam/drivers/uart/uart.o
uart_set_clock_divisor                            src/ASF/sam/drivers/uart/uart.o
uart_write                                        src/ASF/sam/drivers/uart/uart.o
x                                                 src/main.o
